Archive member included to satisfy reference by file (symbol)

c:/st/stm32cubeide_1.8.0/stm32cubeide/plugins/com.st.stm32cube.ide.mcu.externaltools.gnu-tools-for-stm32.9-2020-q2-update.win32_2.0.0.202105311346/tools/bin/../lib/gcc/arm-none-eabi/9.3.1/../../../../arm-none-eabi/lib/thumb/v8-m.main+fp/hard\libc_nano.a(lib_a-errno.o)
                              ./Core/Src/syscalls.o (__errno)
c:/st/stm32cubeide_1.8.0/stm32cubeide/plugins/com.st.stm32cube.ide.mcu.externaltools.gnu-tools-for-stm32.9-2020-q2-update.win32_2.0.0.202105311346/tools/bin/../lib/gcc/arm-none-eabi/9.3.1/../../../../arm-none-eabi/lib/thumb/v8-m.main+fp/hard\libc_nano.a(lib_a-exit.o)
                              c:/st/stm32cubeide_1.8.0/stm32cubeide/plugins/com.st.stm32cube.ide.mcu.externaltools.gnu-tools-for-stm32.9-2020-q2-update.win32_2.0.0.202105311346/tools/bin/../lib/gcc/arm-none-eabi/9.3.1/../../../../arm-none-eabi/lib/thumb/v8-m.main+fp/hard/crt0.o (exit)
c:/st/stm32cubeide_1.8.0/stm32cubeide/plugins/com.st.stm32cube.ide.mcu.externaltools.gnu-tools-for-stm32.9-2020-q2-update.win32_2.0.0.202105311346/tools/bin/../lib/gcc/arm-none-eabi/9.3.1/../../../../arm-none-eabi/lib/thumb/v8-m.main+fp/hard\libc_nano.a(lib_a-impure.o)
                              c:/st/stm32cubeide_1.8.0/stm32cubeide/plugins/com.st.stm32cube.ide.mcu.externaltools.gnu-tools-for-stm32.9-2020-q2-update.win32_2.0.0.202105311346/tools/bin/../lib/gcc/arm-none-eabi/9.3.1/../../../../arm-none-eabi/lib/thumb/v8-m.main+fp/hard\libc_nano.a(lib_a-exit.o) (_global_impure_ptr)
c:/st/stm32cubeide_1.8.0/stm32cubeide/plugins/com.st.stm32cube.ide.mcu.externaltools.gnu-tools-for-stm32.9-2020-q2-update.win32_2.0.0.202105311346/tools/bin/../lib/gcc/arm-none-eabi/9.3.1/../../../../arm-none-eabi/lib/thumb/v8-m.main+fp/hard\libc_nano.a(lib_a-init.o)
                              c:/st/stm32cubeide_1.8.0/stm32cubeide/plugins/com.st.stm32cube.ide.mcu.externaltools.gnu-tools-for-stm32.9-2020-q2-update.win32_2.0.0.202105311346/tools/bin/../lib/gcc/arm-none-eabi/9.3.1/../../../../arm-none-eabi/lib/thumb/v8-m.main+fp/hard/crt0.o (__libc_init_array)
c:/st/stm32cubeide_1.8.0/stm32cubeide/plugins/com.st.stm32cube.ide.mcu.externaltools.gnu-tools-for-stm32.9-2020-q2-update.win32_2.0.0.202105311346/tools/bin/../lib/gcc/arm-none-eabi/9.3.1/../../../../arm-none-eabi/lib/thumb/v8-m.main+fp/hard\libc_nano.a(lib_a-memset.o)
                              c:/st/stm32cubeide_1.8.0/stm32cubeide/plugins/com.st.stm32cube.ide.mcu.externaltools.gnu-tools-for-stm32.9-2020-q2-update.win32_2.0.0.202105311346/tools/bin/../lib/gcc/arm-none-eabi/9.3.1/../../../../arm-none-eabi/lib/thumb/v8-m.main+fp/hard/crt0.o (memset)
c:/st/stm32cubeide_1.8.0/stm32cubeide/plugins/com.st.stm32cube.ide.mcu.externaltools.gnu-tools-for-stm32.9-2020-q2-update.win32_2.0.0.202105311346/tools/bin/../lib/gcc/arm-none-eabi/9.3.1/thumb/v8-m.main+fp/hard\libgcc.a(_aeabi_uldivmod.o)
                              ./Drivers/STM32L5xx_HAL_Driver/Src/stm32l5xx_hal_uart.o (__aeabi_uldivmod)
c:/st/stm32cubeide_1.8.0/stm32cubeide/plugins/com.st.stm32cube.ide.mcu.externaltools.gnu-tools-for-stm32.9-2020-q2-update.win32_2.0.0.202105311346/tools/bin/../lib/gcc/arm-none-eabi/9.3.1/thumb/v8-m.main+fp/hard\libgcc.a(_udivmoddi4.o)
                              c:/st/stm32cubeide_1.8.0/stm32cubeide/plugins/com.st.stm32cube.ide.mcu.externaltools.gnu-tools-for-stm32.9-2020-q2-update.win32_2.0.0.202105311346/tools/bin/../lib/gcc/arm-none-eabi/9.3.1/thumb/v8-m.main+fp/hard\libgcc.a(_aeabi_uldivmod.o) (__udivmoddi4)
c:/st/stm32cubeide_1.8.0/stm32cubeide/plugins/com.st.stm32cube.ide.mcu.externaltools.gnu-tools-for-stm32.9-2020-q2-update.win32_2.0.0.202105311346/tools/bin/../lib/gcc/arm-none-eabi/9.3.1/thumb/v8-m.main+fp/hard\libgcc.a(_dvmd_tls.o)
                              c:/st/stm32cubeide_1.8.0/stm32cubeide/plugins/com.st.stm32cube.ide.mcu.externaltools.gnu-tools-for-stm32.9-2020-q2-update.win32_2.0.0.202105311346/tools/bin/../lib/gcc/arm-none-eabi/9.3.1/thumb/v8-m.main+fp/hard\libgcc.a(_aeabi_uldivmod.o) (__aeabi_ldiv0)

Allocating common symbols
Common symbol       size              file

hUsbDeviceFS        0x2d0             ./USB_Device/App/usb_device.o
uwTick              0x4               ./Drivers/STM32L5xx_HAL_Driver/Src/stm32l5xx_hal.o
hlpuart1            0x90              ./Core/Src/main.o
hadc1               0x68              ./Core/Src/main.o
hrtc                0x28              ./Core/Src/main.o
hpcd_USB_FS         0x2f4             ./USB_Device/Target/usbd_conf.o
USBD_StrDesc        0x40              ./USB_Device/App/usbd_desc.o

Discarded input sections

 .text          0x0000000000000000        0x0 c:/st/stm32cubeide_1.8.0/stm32cubeide/plugins/com.st.stm32cube.ide.mcu.externaltools.gnu-tools-for-stm32.9-2020-q2-update.win32_2.0.0.202105311346/tools/bin/../lib/gcc/arm-none-eabi/9.3.1/thumb/v8-m.main+fp/hard/crti.o
[...]
Memory Configuration

Name             Origin             Length             Attributes
RAM              0x0000000020000000 0x0000000000040000 xrw
FLASH            0x0000000008000000 0x0000000000080000 xr
*default*        0x0000000000000000 0xffffffffffffffff

Linker script and memory map

LOAD c:/st/stm32cubeide_1.8.0/stm32cubeide/plugins/com.st.stm32cube.ide.mcu.externaltools.gnu-tools-for-stm32.9-2020-q2-update.win32_2.0.0.202105311346/tools/bin/../lib/gcc/arm-none-eabi/9.3.1/thumb/v8-m.main+fp/hard/crti.o
LOAD c:/st/stm32cubeide_1.8.0/stm32cubeide/plugins/com.st.stm32cube.ide.mcu.externaltools.gnu-tools-for-stm32.9-2020-q2-update.win32_2.0.0.202105311346/tools/bin/../lib/gcc/arm-none-eabi/9.3.1/thumb/v8-m.main+fp/hard/crtbegin.o
LOAD c:/st/stm32cubeide_1.8.0/stm32cubeide/plugins/com.st.stm32cube.ide.mcu.externaltools.gnu-tools-for-stm32.9-2020-q2-update.win32_2.0.0.202105311346/tools/bin/../lib/gcc/arm-none-eabi/9.3.1/../../../../arm-none-eabi/lib/thumb/v8-m.main+fp/hard/crt0.o
LOAD ./Core/Src/main.o
LOAD ./Core/Src/stm32l5xx_hal_msp.o
LOAD ./Core/Src/stm32l5xx_it.o
LOAD ./Core/Src/syscalls.o
LOAD ./Core/Src/sysmem.o
LOAD ./Core/Src/system_stm32l5xx.o
LOAD ./Core/Startup/startup_stm32l552zetxq.o
LOAD ./Drivers/STM32L5xx_HAL_Driver/Src/stm32l5xx_hal.o
LOAD ./Drivers/STM32L5xx_HAL_Driver/Src/stm32l5xx_hal_adc.o
LOAD ./Drivers/STM32L5xx_HAL_Driver/Src/stm32l5xx_hal_adc_ex.o
LOAD ./Drivers/STM32L5xx_HAL_Driver/Src/stm32l5xx_hal_cortex.o
LOAD ./Drivers/STM32L5xx_HAL_Driver/Src/stm32l5xx_hal_dma.o
LOAD ./Drivers/STM32L5xx_HAL_Driver/Src/stm32l5xx_hal_dma_ex.o
LOAD ./Drivers/STM32L5xx_HAL_Driver/Src/stm32l5xx_hal_exti.o
LOAD ./Drivers/STM32L5xx_HAL_Driver/Src/stm32l5xx_hal_flash.o
LOAD ./Drivers/STM32L5xx_HAL_Driver/Src/stm32l5xx_hal_flash_ex.o
LOAD ./Drivers/STM32L5xx_HAL_Driver/Src/stm32l5xx_hal_flash_ramfunc.o
LOAD ./Drivers/STM32L5xx_HAL_Driver/Src/stm32l5xx_hal_gpio.o
LOAD ./Drivers/STM32L5xx_HAL_Driver/Src/stm32l5xx_hal_i2c.o
LOAD ./Drivers/STM32L5xx_HAL_Driver/Src/stm32l5xx_hal_i2c_ex.o
LOAD ./Drivers/STM32L5xx_HAL_Driver/Src/stm32l5xx_hal_icache.o
LOAD ./Drivers/STM32L5xx_HAL_Driver/Src/stm32l5xx_hal_pcd.o
LOAD ./Drivers/STM32L5xx_HAL_Driver/Src/stm32l5xx_hal_pcd_ex.o
LOAD ./Drivers/STM32L5xx_HAL_Driver/Src/stm32l5xx_hal_pwr.o
LOAD ./Drivers/STM32L5xx_HAL_Driver/Src/stm32l5xx_hal_pwr_ex.o
LOAD ./Drivers/STM32L5xx_HAL_Driver/Src/stm32l5xx_hal_rcc.o
LOAD ./Drivers/STM32L5xx_HAL_Driver/Src/stm32l5xx_hal_rcc_ex.o
LOAD ./Drivers/STM32L5xx_HAL_Driver/Src/stm32l5xx_hal_rtc.o
LOAD ./Drivers/STM32L5xx_HAL_Driver/Src/stm32l5xx_hal_rtc_ex.o
LOAD ./Drivers/STM32L5xx_HAL_Driver/Src/stm32l5xx_hal_tim.o
LOAD ./Drivers/STM32L5xx_HAL_Driver/Src/stm32l5xx_hal_tim_ex.o
LOAD ./Drivers/STM32L5xx_HAL_Driver/Src/stm32l5xx_hal_uart.o
LOAD ./Drivers/STM32L5xx_HAL_Driver/Src/stm32l5xx_hal_uart_ex.o
LOAD ./Drivers/STM32L5xx_HAL_Driver/Src/stm32l5xx_ll_dma.o
LOAD ./Drivers/STM32L5xx_HAL_Driver/Src/stm32l5xx_ll_exti.o
LOAD ./Drivers/STM32L5xx_HAL_Driver/Src/stm32l5xx_ll_gpio.o
LOAD ./Drivers/STM32L5xx_HAL_Driver/Src/stm32l5xx_ll_ucpd.o
LOAD ./Drivers/STM32L5xx_HAL_Driver/Src/stm32l5xx_ll_usb.o
LOAD ./Drivers/STM32L5xx_HAL_Driver/Src/stm32l5xx_ll_utils.o
LOAD ./Middlewares/ST/STM32_USB_Device_Library/Class/CustomHID/Src/usbd_customhid.o
LOAD ./Middlewares/ST/STM32_USB_Device_Library/Core/Src/usbd_core.o
LOAD ./Middlewares/ST/STM32_USB_Device_Library/Core/Src/usbd_ctlreq.o
LOAD ./Middlewares/ST/STM32_USB_Device_Library/Core/Src/usbd_ioreq.o
LOAD ./USB_Device/App/usb_device.o
LOAD ./USB_Device/App/usbd_custom_hid_if.o
LOAD ./USB_Device/App/usbd_desc.o
LOAD ./USB_Device/Target/usbd_conf.o
START GROUP
LOAD c:/st/stm32cubeide_1.8.0/stm32cubeide/plugins/com.st.stm32cube.ide.mcu.externaltools.gnu-tools-for-stm32.9-2020-q2-update.win32_2.0.0.202105311346/tools/bin/../lib/gcc/arm-none-eabi/9.3.1/../../../../arm-none-eabi/lib/thumb/v8-m.main+fp/hard\libc_nano.a
LOAD c:/st/stm32cubeide_1.8.0/stm32cubeide/plugins/com.st.stm32cube.ide.mcu.externaltools.gnu-tools-for-stm32.9-2020-q2-update.win32_2.0.0.202105311346/tools/bin/../lib/gcc/arm-none-eabi/9.3.1/../../../../arm-none-eabi/lib/thumb/v8-m.main+fp/hard\libm.a
END GROUP
START GROUP
LOAD c:/st/stm32cubeide_1.8.0/stm32cubeide/plugins/com.st.stm32cube.ide.mcu.externaltools.gnu-tools-for-stm32.9-2020-q2-update.win32_2.0.0.202105311346/tools/bin/../lib/gcc/arm-none-eabi/9.3.1/thumb/v8-m.main+fp/hard\libgcc.a
LOAD c:/st/stm32cubeide_1.8.0/stm32cubeide/plugins/com.st.stm32cube.ide.mcu.externaltools.gnu-tools-for-stm32.9-2020-q2-update.win32_2.0.0.202105311346/tools/bin/../lib/gcc/arm-none-eabi/9.3.1/../../../../arm-none-eabi/lib/thumb/v8-m.main+fp/hard\libc_nano.a
END GROUP
START GROUP
LOAD c:/st/stm32cubeide_1.8.0/stm32cubeide/plugins/com.st.stm32cube.ide.mcu.externaltools.gnu-tools-for-stm32.9-2020-q2-update.win32_2.0.0.202105311346/tools/bin/../lib/gcc/arm-none-eabi/9.3.1/thumb/v8-m.main+fp/hard\libgcc.a
LOAD c:/st/stm32cubeide_1.8.0/stm32cubeide/plugins/com.st.stm32cube.ide.mcu.externaltools.gnu-tools-for-stm32.9-2020-q2-update.win32_2.0.0.202105311346/tools/bin/../lib/gcc/arm-none-eabi/9.3.1/../../../../arm-none-eabi/lib/thumb/v8-m.main+fp/hard\libc_nano.a
LOAD c:/st/stm32cubeide_1.8.0/stm32cubeide/plugins/com.st.stm32cube.ide.mcu.externaltools.gnu-tools-for-stm32.9-2020-q2-update.win32_2.0.0.202105311346/tools/bin/../lib/gcc/arm-none-eabi/9.3.1/../../../../arm-none-eabi/lib/thumb/v8-m.main+fp/hard\libnosys.a
END GROUP
START GROUP
LOAD c:/st/stm32cubeide_1.8.0/stm32cubeide/plugins/com.st.stm32cube.ide.mcu.externaltools.gnu-tools-for-stm32.9-2020-q2-update.win32_2.0.0.202105311346/tools/bin/../lib/gcc/arm-none-eabi/9.3.1/thumb/v8-m.main+fp/hard\libgcc.a
LOAD c:/st/stm32cubeide_1.8.0/stm32cubeide/plugins/com.st.stm32cube.ide.mcu.externaltools.gnu-tools-for-stm32.9-2020-q2-update.win32_2.0.0.202105311346/tools/bin/../lib/gcc/arm-none-eabi/9.3.1/../../../../arm-none-eabi/lib/thumb/v8-m.main+fp/hard\libc_nano.a
LOAD c:/st/stm32cubeide_1.8.0/stm32cubeide/plugins/com.st.stm32cube.ide.mcu.externaltools.gnu-tools-for-stm32.9-2020-q2-update.win32_2.0.0.202105311346/tools/bin/../lib/gcc/arm-none-eabi/9.3.1/../../../../arm-none-eabi/lib/thumb/v8-m.main+fp/hard\libnosys.a
END GROUP
LOAD c:/st/stm32cubeide_1.8.0/stm32cubeide/plugins/com.st.stm32cube.ide.mcu.externaltools.gnu-tools-for-stm32.9-2020-q2-update.win32_2.0.0.202105311346/tools/bin/../lib/gcc/arm-none-eabi/9.3.1/thumb/v8-m.main+fp/hard/crtend.o
LOAD c:/st/stm32cubeide_1.8.0/stm32cubeide/plugins/com.st.stm32cube.ide.mcu.externaltools.gnu-tools-for-stm32.9-2020-q2-update.win32_2.0.0.202105311346/tools/bin/../lib/gcc/arm-none-eabi/9.3.1/thumb/v8-m.main+fp/hard/crtn.o
                0x0000000020040000                _estack = (ORIGIN (RAM) + LENGTH (RAM))
                0x0000000000001000                _Min_Heap_Size = 0x1000
                0x0000000000001000                _Min_Stack_Size = 0x1000

.isr_vector     0x0000000008000000      0x1f4
                0x0000000008000000                . = ALIGN (0x4)
 *(.isr_vector)
 .isr_vector    0x0000000008000000      0x1f4 ./Core/Startup/startup_stm32l552zetxq.o
                0x0000000008000000                g_pfnVectors
                0x00000000080001f4                . = ALIGN (0x4)

.text           0x00000000080001f4     0xad28
                0x00000000080001f4                . = ALIGN (0x4)
 *(.text)
 .text          0x00000000080001f4       0x40 c:/st/stm32cubeide_1.8.0/stm32cubeide/plugins/com.st.stm32cube.ide.mcu.externaltools.gnu-tools-for-stm32.9-2020-q2-update.win32_2.0.0.202105311346/tools/bin/../lib/gcc/arm-none-eabi/9.3.1/thumb/v8-m.main+fp/hard/crtbegin.o
 .text          0x0000000008000234       0x30 c:/st/stm32cubeide_1.8.0/stm32cubeide/plugins/com.st.stm32cube.ide.mcu.externaltools.gnu-tools-for-stm32.9-2020-q2-update.win32_2.0.0.202105311346/tools/bin/../lib/gcc/arm-none-eabi/9.3.1/thumb/v8-m.main+fp/hard\libgcc.a(_aeabi_uldivmod.o)
                0x0000000008000234                __aeabi_uldivmod
 .text          0x0000000008000264      0x2e8 c:/st/stm32cubeide_1.8.0/stm32cubeide/plugins/com.st.stm32cube.ide.mcu.externaltools.gnu-tools-for-stm32.9-2020-q2-update.win32_2.0.0.202105311346/tools/bin/../lib/gcc/arm-none-eabi/9.3.1/thumb/v8-m.main+fp/hard\libgcc.a(_udivmoddi4.o)
                0x0000000008000264                __udivmoddi4
 .text          0x000000000800054c        0x4 c:/st/stm32cubeide_1.8.0/stm32cubeide/plugins/com.st.stm32cube.ide.mcu.externaltools.gnu-tools-for-stm32.9-2020-q2-update.win32_2.0.0.202105311346/tools/bin/../lib/gcc/arm-none-eabi/9.3.1/thumb/v8-m.main+fp/hard\libgcc.a(_dvmd_tls.o)
                0x000000000800054c                __aeabi_idiv0
                0x000000000800054c                __aeabi_ldiv0
 *(.text*)
 .text.LL_AHB2_GRP1_EnableClock
                0x0000000008000550       0x30 ./Core/Src/main.o
 .text.LL_APB1_GRP2_EnableClock
                0x0000000008000580       0x30 ./Core/Src/main.o
 .text.main     0x00000000080005b0       0x2a ./Core/Src/main.o
                0x00000000080005b0                main
 *fill*         0x00000000080005da        0x2 
 .text.SystemClock_Config
                0x00000000080005dc       0xc4 ./Core/Src/main.o
                0x00000000080005dc                SystemClock_Config
 .text.MX_ADC1_Init
                0x00000000080006a0       0xec ./Core/Src/main.o
 .text.MX_ICACHE_Init
                0x000000000800078c       0x26 ./Core/Src/main.o
 *fill*         0x00000000080007b2        0x2 
 .text.MX_LPUART1_UART_Init
                0x00000000080007b4       0x9c ./Core/Src/main.o
 .text.MX_RTC_Init
                0x0000000008000850       0x94 ./Core/Src/main.o
 .text.MX_UCPD1_Init
                0x00000000080008e4       0x6c ./Core/Src/main.o
 .text.MX_GPIO_Init
                0x0000000008000950      0x128 ./Core/Src/main.o
 .text.Error_Handler
                0x0000000008000a78        0xa ./Core/Src/main.o
                0x0000000008000a78                Error_Handler
 *fill*         0x0000000008000a82        0x2 
 .text.HAL_MspInit
                0x0000000008000a84       0x48 ./Core/Src/stm32l5xx_hal_msp.o
                0x0000000008000a84                HAL_MspInit
 .text.HAL_ADC_MspInit
                0x0000000008000acc       0xb4 ./Core/Src/stm32l5xx_hal_msp.o
                0x0000000008000acc                HAL_ADC_MspInit
 .text.HAL_UART_MspInit
                0x0000000008000b80       0xc0 ./Core/Src/stm32l5xx_hal_msp.o
                0x0000000008000b80                HAL_UART_MspInit
 .text.HAL_RTC_MspInit
                0x0000000008000c40       0x7c ./Core/Src/stm32l5xx_hal_msp.o
                0x0000000008000c40                HAL_RTC_MspInit
 .text.NMI_Handler
                0x0000000008000cbc        0x6 ./Core/Src/stm32l5xx_it.o
                0x0000000008000cbc                NMI_Handler
 .text.HardFault_Handler
                0x0000000008000cc2        0x6 ./Core/Src/stm32l5xx_it.o
                0x0000000008000cc2                HardFault_Handler
 .text.MemManage_Handler
                0x0000000008000cc8        0x6 ./Core/Src/stm32l5xx_it.o
                0x0000000008000cc8                MemManage_Handler
 .text.BusFault_Handler
                0x0000000008000cce        0x6 ./Core/Src/stm32l5xx_it.o
                0x0000000008000cce                BusFault_Handler
 .text.UsageFault_Handler
                0x0000000008000cd4        0x6 ./Core/Src/stm32l5xx_it.o
                0x0000000008000cd4                UsageFault_Handler
 .text.SVC_Handler
                0x0000000008000cda        0xe ./Core/Src/stm32l5xx_it.o
                0x0000000008000cda                SVC_Handler
 .text.DebugMon_Handler
                0x0000000008000ce8        0xe ./Core/Src/stm32l5xx_it.o
                0x0000000008000ce8                DebugMon_Handler
 .text.PendSV_Handler
                0x0000000008000cf6        0xe ./Core/Src/stm32l5xx_it.o
                0x0000000008000cf6                PendSV_Handler
 .text.SysTick_Handler
                0x0000000008000d04        0xc ./Core/Src/stm32l5xx_it.o
                0x0000000008000d04                SysTick_Handler
 .text.USB_FS_IRQHandler
                0x0000000008000d10       0x14 ./Core/Src/stm32l5xx_it.o
                0x0000000008000d10                USB_FS_IRQHandler
 .text.SystemInit
                0x0000000008000d24       0x24 ./Core/Src/system_stm32l5xx.o
                0x0000000008000d24                SystemInit
 .text.SystemCoreClockUpdate
                0x0000000008000d48      0x15c ./Core/Src/system_stm32l5xx.o
                0x0000000008000d48                SystemCoreClockUpdate
 .text.Reset_Handler
                0x0000000008000ea4       0x50 ./Core/Startup/startup_stm32l552zetxq.o
                0x0000000008000ea4                Reset_Handler
 .text.Default_Handler
                0x0000000008000ef4        0x2 ./Core/Startup/startup_stm32l552zetxq.o
                0x0000000008000ef4                EXTI2_IRQHandler
                0x0000000008000ef4                TIM8_TRG_COM_IRQHandler
                0x0000000008000ef4                TIM8_CC_IRQHandler
                0x0000000008000ef4                EXTI5_IRQHandler
                0x0000000008000ef4                FLASH_S_IRQHandler
                0x0000000008000ef4                EXTI13_IRQHandler
                0x0000000008000ef4                TIM1_CC_IRQHandler
                0x0000000008000ef4                TSC_IRQHandler
                0x0000000008000ef4                TAMP_IRQHandler
                0x0000000008000ef4                TIM6_IRQHandler
                0x0000000008000ef4                EXTI12_IRQHandler
                0x0000000008000ef4                DMA2_Channel8_IRQHandler
                0x0000000008000ef4                EXTI3_IRQHandler
                0x0000000008000ef4                EXTI8_IRQHandler
                0x0000000008000ef4                LPTIM2_IRQHandler
                0x0000000008000ef4                DFSDM1_FLT1_IRQHandler
                0x0000000008000ef4                I2C3_ER_IRQHandler
                0x0000000008000ef4                DFSDM1_FLT2_IRQHandler
                0x0000000008000ef4                DMAMUX1_IRQHandler
                0x0000000008000ef4                LPTIM3_IRQHandler
                0x0000000008000ef4                EXTI0_IRQHandler
                0x0000000008000ef4                I2C2_EV_IRQHandler
                0x0000000008000ef4                FPU_IRQHandler
                0x0000000008000ef4                FDCAN1_IT1_IRQHandler
                0x0000000008000ef4                ADC1_2_IRQHandler
                0x0000000008000ef4                SPI1_IRQHandler
                0x0000000008000ef4                OCTOSPI1_IRQHandler
                0x0000000008000ef4                TIM8_UP_IRQHandler
                0x0000000008000ef4                RCC_S_IRQHandler
                0x0000000008000ef4                DMA2_Channel2_IRQHandler
                0x0000000008000ef4                DMA1_Channel4_IRQHandler
                0x0000000008000ef4                SAI2_IRQHandler
                0x0000000008000ef4                DFSDM1_FLT3_IRQHandler
                0x0000000008000ef4                EXTI15_IRQHandler
                0x0000000008000ef4                TIM17_IRQHandler
                0x0000000008000ef4                USART3_IRQHandler
                0x0000000008000ef4                RTC_IRQHandler
                0x0000000008000ef4                EXTI9_IRQHandler
                0x0000000008000ef4                DMA1_Channel7_IRQHandler
                0x0000000008000ef4                UART5_IRQHandler
                0x0000000008000ef4                TIM4_IRQHandler
                0x0000000008000ef4                DMA2_Channel1_IRQHandler
                0x0000000008000ef4                I2C1_EV_IRQHandler
                0x0000000008000ef4                DMA1_Channel6_IRQHandler
                0x0000000008000ef4                TIM16_IRQHandler
                0x0000000008000ef4                UART4_IRQHandler
                0x0000000008000ef4                DMA2_Channel4_IRQHandler
                0x0000000008000ef4                SecureFault_Handler
                0x0000000008000ef4                TIM3_IRQHandler
                0x0000000008000ef4                RCC_IRQHandler
                0x0000000008000ef4                TIM1_TRG_COM_IRQHandler
                0x0000000008000ef4                DMA1_Channel1_IRQHandler
                0x0000000008000ef4                Default_Handler
                0x0000000008000ef4                DMA2_Channel7_IRQHandler
                0x0000000008000ef4                DMA1_Channel8_IRQHandler
                0x0000000008000ef4                TIM7_IRQHandler
                0x0000000008000ef4                SDMMC1_IRQHandler
                0x0000000008000ef4                TIM5_IRQHandler
                0x0000000008000ef4                UCPD1_IRQHandler
                0x0000000008000ef4                TIM15_IRQHandler
                0x0000000008000ef4                I2C3_EV_IRQHandler
                0x0000000008000ef4                PVD_PVM_IRQHandler
                0x0000000008000ef4                SPI2_IRQHandler
                0x0000000008000ef4                EXTI14_IRQHandler
                0x0000000008000ef4                EXTI11_IRQHandler
                0x0000000008000ef4                DMA2_Channel5_IRQHandler
                0x0000000008000ef4                CRS_IRQHandler
                0x0000000008000ef4                DMA1_Channel5_IRQHandler
                0x0000000008000ef4                EXTI4_IRQHandler
                0x0000000008000ef4                RTC_S_IRQHandler
                0x0000000008000ef4                RNG_IRQHandler
                0x0000000008000ef4                DMAMUX1_S_IRQHandler
                0x0000000008000ef4                DMA1_Channel3_IRQHandler
                0x0000000008000ef4                COMP_IRQHandler
                0x0000000008000ef4                TIM1_UP_IRQHandler
                0x0000000008000ef4                WWDG_IRQHandler
                0x0000000008000ef4                I2C4_EV_IRQHandler
                0x0000000008000ef4                LPUART1_IRQHandler
                0x0000000008000ef4                DMA2_Channel6_IRQHandler
                0x0000000008000ef4                FDCAN1_IT0_IRQHandler
                0x0000000008000ef4                TIM2_IRQHandler
                0x0000000008000ef4                TAMP_S_IRQHandler
                0x0000000008000ef4                EXTI7_IRQHandler
                0x0000000008000ef4                TIM1_BRK_IRQHandler
                0x0000000008000ef4                DAC_IRQHandler
                0x0000000008000ef4                EXTI1_IRQHandler
                0x0000000008000ef4                GTZC_IRQHandler
                0x0000000008000ef4                USART2_IRQHandler
                0x0000000008000ef4                DFSDM1_FLT0_IRQHandler
                0x0000000008000ef4                I2C2_ER_IRQHandler
                0x0000000008000ef4                DMA1_Channel2_IRQHandler
                0x0000000008000ef4                TIM8_BRK_IRQHandler
                0x0000000008000ef4                FLASH_IRQHandler
                0x0000000008000ef4                USART1_IRQHandler
                0x0000000008000ef4                EXTI10_IRQHandler
                0x0000000008000ef4                SPI3_IRQHandler
                0x0000000008000ef4                I2C1_ER_IRQHandler
                0x0000000008000ef4                FMC_IRQHandler
                0x0000000008000ef4                EXTI6_IRQHandler
                0x0000000008000ef4                LPTIM1_IRQHandler
                0x0000000008000ef4                I2C4_ER_IRQHandler
                0x0000000008000ef4                ICACHE_IRQHandler
                0x0000000008000ef4                SAI1_IRQHandler
                0x0000000008000ef4                HASH_IRQHandler
                0x0000000008000ef4                DMA2_Channel3_IRQHandler
 .text.HAL_Init
                0x0000000008000ef6       0x34 ./Drivers/STM32L5xx_HAL_Driver/Src/stm32l5xx_hal.o
                0x0000000008000ef6                HAL_Init
 *fill*         0x0000000008000f2a        0x2 
 .text.HAL_InitTick
                0x0000000008000f2c       0x78 ./Drivers/STM32L5xx_HAL_Driver/Src/stm32l5xx_hal.o
                0x0000000008000f2c                HAL_InitTick
 .text.HAL_IncTick
                0x0000000008000fa4       0x28 ./Drivers/STM32L5xx_HAL_Driver/Src/stm32l5xx_hal.o
                0x0000000008000fa4                HAL_IncTick
 .text.HAL_GetTick
                0x0000000008000fcc       0x18 ./Drivers/STM32L5xx_HAL_Driver/Src/stm32l5xx_hal.o
                0x0000000008000fcc                HAL_GetTick
 .text.LL_ADC_SetCommonClock
                0x0000000008000fe4       0x26 ./Drivers/STM32L5xx_HAL_Driver/Src/stm32l5xx_hal_adc.o
 .text.LL_ADC_SetCommonPathInternalCh
                0x000000000800100a       0x26 ./Drivers/STM32L5xx_HAL_Driver/Src/stm32l5xx_hal_adc.o
 .text.LL_ADC_GetCommonPathInternalCh
                0x0000000008001030       0x1c ./Drivers/STM32L5xx_HAL_Driver/Src/stm32l5xx_hal_adc.o
 .text.LL_ADC_SetOffset
                0x000000000800104c       0x48 ./Drivers/STM32L5xx_HAL_Driver/Src/stm32l5xx_hal_adc.o
 .text.LL_ADC_GetOffsetChannel
                0x0000000008001094       0x2c ./Drivers/STM32L5xx_HAL_Driver/Src/stm32l5xx_hal_adc.o
 .text.LL_ADC_SetOffsetState
                0x00000000080010c0       0x36 ./Drivers/STM32L5xx_HAL_Driver/Src/stm32l5xx_hal_adc.o
 .text.LL_ADC_SetSamplingTimeCommonConfig
                0x00000000080010f6       0x26 ./Drivers/STM32L5xx_HAL_Driver/Src/stm32l5xx_hal_adc.o
 .text.LL_ADC_REG_SetSequencerRanks
                0x000000000800111c       0x58 ./Drivers/STM32L5xx_HAL_Driver/Src/stm32l5xx_hal_adc.o
 .text.LL_ADC_SetChannelSamplingTime
                0x0000000008001174       0x56 ./Drivers/STM32L5xx_HAL_Driver/Src/stm32l5xx_hal_adc.o
 *fill*         0x00000000080011ca        0x2 
 .text.LL_ADC_SetChannelSingleDiff
                0x00000000080011cc       0x48 ./Drivers/STM32L5xx_HAL_Driver/Src/stm32l5xx_hal_adc.o
 .text.LL_ADC_DisableDeepPowerDown
                0x0000000008001214       0x24 ./Drivers/STM32L5xx_HAL_Driver/Src/stm32l5xx_hal_adc.o
 .text.LL_ADC_IsDeepPowerDownEnabled
                0x0000000008001238       0x28 ./Drivers/STM32L5xx_HAL_Driver/Src/stm32l5xx_hal_adc.o
 .text.LL_ADC_EnableInternalRegulator
                0x0000000008001260       0x28 ./Drivers/STM32L5xx_HAL_Driver/Src/stm32l5xx_hal_adc.o
 .text.LL_ADC_IsInternalRegulatorEnabled
                0x0000000008001288       0x28 ./Drivers/STM32L5xx_HAL_Driver/Src/stm32l5xx_hal_adc.o
 .text.LL_ADC_IsEnabled
                0x00000000080012b0       0x26 ./Drivers/STM32L5xx_HAL_Driver/Src/stm32l5xx_hal_adc.o
 .text.LL_ADC_REG_IsConversionOngoing
                0x00000000080012d6       0x26 ./Drivers/STM32L5xx_HAL_Driver/Src/stm32l5xx_hal_adc.o
 .text.LL_ADC_INJ_IsConversionOngoing
                0x00000000080012fc       0x26 ./Drivers/STM32L5xx_HAL_Driver/Src/stm32l5xx_hal_adc.o
 *fill*         0x0000000008001322        0x2 
 .text.HAL_ADC_Init
                0x0000000008001324      0x2a4 ./Drivers/STM32L5xx_HAL_Driver/Src/stm32l5xx_hal_adc.o
                0x0000000008001324                HAL_ADC_Init
 .text.HAL_ADC_ConfigChannel
                0x00000000080015c8      0x7d4 ./Drivers/STM32L5xx_HAL_Driver/Src/stm32l5xx_hal_adc.o
                0x00000000080015c8                HAL_ADC_ConfigChannel
 .text.LL_ADC_IsEnabled
                0x0000000008001d9c       0x26 ./Drivers/STM32L5xx_HAL_Driver/Src/stm32l5xx_hal_adc_ex.o
 .text.LL_ADC_REG_IsConversionOngoing
                0x0000000008001dc2       0x26 ./Drivers/STM32L5xx_HAL_Driver/Src/stm32l5xx_hal_adc_ex.o
 .text.HAL_ADCEx_MultiModeConfigChannel
                0x0000000008001de8      0x148 ./Drivers/STM32L5xx_HAL_Driver/Src/stm32l5xx_hal_adc_ex.o
                0x0000000008001de8                HAL_ADCEx_MultiModeConfigChannel
 .text.__NVIC_SetPriorityGrouping
                0x0000000008001f30       0x48 ./Drivers/STM32L5xx_HAL_Driver/Src/stm32l5xx_hal_cortex.o
 .text.__NVIC_GetPriorityGrouping
                0x0000000008001f78       0x1c ./Drivers/STM32L5xx_HAL_Driver/Src/stm32l5xx_hal_cortex.o
 .text.__NVIC_EnableIRQ
                0x0000000008001f94       0x3c ./Drivers/STM32L5xx_HAL_Driver/Src/stm32l5xx_hal_cortex.o
 .text.__NVIC_SetPriority
                0x0000000008001fd0       0x54 ./Drivers/STM32L5xx_HAL_Driver/Src/stm32l5xx_hal_cortex.o
 .text.NVIC_EncodePriority
                0x0000000008002024       0x66 ./Drivers/STM32L5xx_HAL_Driver/Src/stm32l5xx_hal_cortex.o
 *fill*         0x000000000800208a        0x2 
 .text.SysTick_Config
                0x000000000800208c       0x44 ./Drivers/STM32L5xx_HAL_Driver/Src/stm32l5xx_hal_cortex.o
 .text.HAL_NVIC_SetPriorityGrouping
                0x00000000080020d0       0x16 ./Drivers/STM32L5xx_HAL_Driver/Src/stm32l5xx_hal_cortex.o
                0x00000000080020d0                HAL_NVIC_SetPriorityGrouping
 .text.HAL_NVIC_SetPriority
                0x00000000080020e6       0x34 ./Drivers/STM32L5xx_HAL_Driver/Src/stm32l5xx_hal_cortex.o
                0x00000000080020e6                HAL_NVIC_SetPriority
 .text.HAL_NVIC_EnableIRQ
                0x000000000800211a       0x1c ./Drivers/STM32L5xx_HAL_Driver/Src/stm32l5xx_hal_cortex.o
                0x000000000800211a                HAL_NVIC_EnableIRQ
 .text.HAL_SYSTICK_Config
                0x0000000008002136       0x18 ./Drivers/STM32L5xx_HAL_Driver/Src/stm32l5xx_hal_cortex.o
                0x0000000008002136                HAL_SYSTICK_Config
 *fill*         0x000000000800214e        0x2 
 .text.HAL_GPIO_Init
                0x0000000008002150      0x300 ./Drivers/STM32L5xx_HAL_Driver/Src/stm32l5xx_hal_gpio.o
                0x0000000008002150                HAL_GPIO_Init
 .text.HAL_GPIO_WritePin
                0x0000000008002450       0x30 ./Drivers/STM32L5xx_HAL_Driver/Src/stm32l5xx_hal_gpio.o
                0x0000000008002450                HAL_GPIO_WritePin
 .text.HAL_ICACHE_ConfigAssociativityMode
                0x0000000008002480       0x40 ./Drivers/STM32L5xx_HAL_Driver/Src/stm32l5xx_hal_icache.o
                0x0000000008002480                HAL_ICACHE_ConfigAssociativityMode
 .text.HAL_ICACHE_Enable
                0x00000000080024c0       0x20 ./Drivers/STM32L5xx_HAL_Driver/Src/stm32l5xx_hal_icache.o
                0x00000000080024c0                HAL_ICACHE_Enable
 .text.HAL_PCD_Init
                0x00000000080024e0      0x1ca ./Drivers/STM32L5xx_HAL_Driver/Src/stm32l5xx_hal_pcd.o
                0x00000000080024e0                HAL_PCD_Init
 .text.HAL_PCD_Start
                0x00000000080026aa       0x44 ./Drivers/STM32L5xx_HAL_Driver/Src/stm32l5xx_hal_pcd.o
                0x00000000080026aa                HAL_PCD_Start
 .text.HAL_PCD_IRQHandler
                0x00000000080026ee      0x29c ./Drivers/STM32L5xx_HAL_Driver/Src/stm32l5xx_hal_pcd.o
                0x00000000080026ee                HAL_PCD_IRQHandler
 .text.HAL_PCD_SetAddress
                0x000000000800298a       0x4a ./Drivers/STM32L5xx_HAL_Driver/Src/stm32l5xx_hal_pcd.o
                0x000000000800298a                HAL_PCD_SetAddress
 .text.HAL_PCD_EP_Open
                0x00000000080029d4       0xcc ./Drivers/STM32L5xx_HAL_Driver/Src/stm32l5xx_hal_pcd.o
                0x00000000080029d4                HAL_PCD_EP_Open
 .text.HAL_PCD_EP_Close
                0x0000000008002aa0       0x90 ./Drivers/STM32L5xx_HAL_Driver/Src/stm32l5xx_hal_pcd.o
                0x0000000008002aa0                HAL_PCD_EP_Close
 .text.HAL_PCD_EP_Receive
                0x0000000008002b30       0x7a ./Drivers/STM32L5xx_HAL_Driver/Src/stm32l5xx_hal_pcd.o
                0x0000000008002b30                HAL_PCD_EP_Receive
 .text.HAL_PCD_EP_Transmit
                0x0000000008002baa       0x86 ./Drivers/STM32L5xx_HAL_Driver/Src/stm32l5xx_hal_pcd.o
                0x0000000008002baa                HAL_PCD_EP_Transmit
 .text.HAL_PCD_EP_SetStall
                0x0000000008002c30       0xa4 ./Drivers/STM32L5xx_HAL_Driver/Src/stm32l5xx_hal_pcd.o
                0x0000000008002c30                HAL_PCD_EP_SetStall
 .text.HAL_PCD_EP_ClrStall
                0x0000000008002cd4       0xa8 ./Drivers/STM32L5xx_HAL_Driver/Src/stm32l5xx_hal_pcd.o
                0x0000000008002cd4                HAL_PCD_EP_ClrStall
 .text.PCD_EP_ISR_Handler
                0x0000000008002d7c      0x5d4 ./Drivers/STM32L5xx_HAL_Driver/Src/stm32l5xx_hal_pcd.o
 .text.HAL_PCD_EP_DB_Receive
                0x0000000008003350      0x212 ./Drivers/STM32L5xx_HAL_Driver/Src/stm32l5xx_hal_pcd.o
 .text.HAL_PCD_EP_DB_Transmit
                0x0000000008003562      0x79c ./Drivers/STM32L5xx_HAL_Driver/Src/stm32l5xx_hal_pcd.o
 .text.HAL_PCDEx_PMAConfig
                0x0000000008003cfe       0x86 ./Drivers/STM32L5xx_HAL_Driver/Src/stm32l5xx_hal_pcd_ex.o
                0x0000000008003cfe                HAL_PCDEx_PMAConfig
 .text.HAL_PCDEx_ActivateLPM
                0x0000000008003d84       0x54 ./Drivers/STM32L5xx_HAL_Driver/Src/stm32l5xx_hal_pcd_ex.o
                0x0000000008003d84                HAL_PCDEx_ActivateLPM
 .text.HAL_PWR_EnableBkUpAccess
                0x0000000008003dd8       0x20 ./Drivers/STM32L5xx_HAL_Driver/Src/stm32l5xx_hal_pwr.o
                0x0000000008003dd8                HAL_PWR_EnableBkUpAccess
 .text.HAL_PWREx_GetVoltageRange
                0x0000000008003df8       0x1c ./Drivers/STM32L5xx_HAL_Driver/Src/stm32l5xx_hal_pwr_ex.o
                0x0000000008003df8                HAL_PWREx_GetVoltageRange
 .text.HAL_PWREx_ControlVoltageScaling
                0x0000000008003e14       0xb8 ./Drivers/STM32L5xx_HAL_Driver/Src/stm32l5xx_hal_pwr_ex.o
                0x0000000008003e14                HAL_PWREx_ControlVoltageScaling
 .text.HAL_PWREx_EnableVddUSB
                0x0000000008003ecc       0x20 ./Drivers/STM32L5xx_HAL_Driver/Src/stm32l5xx_hal_pwr_ex.o
                0x0000000008003ecc                HAL_PWREx_EnableVddUSB
 .text.HAL_PWREx_EnableVddIO2
                0x0000000008003eec       0x20 ./Drivers/STM32L5xx_HAL_Driver/Src/stm32l5xx_hal_pwr_ex.o
                0x0000000008003eec                HAL_PWREx_EnableVddIO2
 .text.HAL_PWREx_SMPS_GetEffectiveMode
                0x0000000008003f0c       0x48 ./Drivers/STM32L5xx_HAL_Driver/Src/stm32l5xx_hal_pwr_ex.o
                0x0000000008003f0c                HAL_PWREx_SMPS_GetEffectiveMode
 .text.HAL_RCC_OscConfig
                0x0000000008003f54      0x9c4 ./Drivers/STM32L5xx_HAL_Driver/Src/stm32l5xx_hal_rcc.o
                0x0000000008003f54                HAL_RCC_OscConfig
 .text.HAL_RCC_ClockConfig
                0x0000000008004918      0x250 ./Drivers/STM32L5xx_HAL_Driver/Src/stm32l5xx_hal_rcc.o
                0x0000000008004918                HAL_RCC_ClockConfig
 .text.HAL_RCC_GetSysClockFreq
                0x0000000008004b68      0x13c ./Drivers/STM32L5xx_HAL_Driver/Src/stm32l5xx_hal_rcc.o
                0x0000000008004b68                HAL_RCC_GetSysClockFreq
 .text.HAL_RCC_GetHCLKFreq
                0x0000000008004ca4       0x28 ./Drivers/STM32L5xx_HAL_Driver/Src/stm32l5xx_hal_rcc.o
                0x0000000008004ca4                HAL_RCC_GetHCLKFreq
 .text.HAL_RCC_GetPCLK1Freq
                0x0000000008004ccc       0x28 ./Drivers/STM32L5xx_HAL_Driver/Src/stm32l5xx_hal_rcc.o
                0x0000000008004ccc                HAL_RCC_GetPCLK1Freq
 .text.HAL_RCC_GetPCLK2Freq
                0x0000000008004cf4       0x28 ./Drivers/STM32L5xx_HAL_Driver/Src/stm32l5xx_hal_rcc.o
                0x0000000008004cf4                HAL_RCC_GetPCLK2Freq
 .text.RCC_SetFlashLatencyFromMSIRange
                0x0000000008004d1c       0xc8 ./Drivers/STM32L5xx_HAL_Driver/Src/stm32l5xx_hal_rcc.o
 .text.RCC_GetSysClockFreqFromPLLSource
                0x0000000008004de4       0xf4 ./Drivers/STM32L5xx_HAL_Driver/Src/stm32l5xx_hal_rcc.o
 .text.HAL_RCCEx_PeriphCLKConfig
                0x0000000008004ed8      0x708 ./Drivers/STM32L5xx_HAL_Driver/Src/stm32l5xx_hal_rcc_ex.o
                0x0000000008004ed8                HAL_RCCEx_PeriphCLKConfig
 .text.RCCEx_PLLSAI1_Config
                0x00000000080055e0      0x1cc ./Drivers/STM32L5xx_HAL_Driver/Src/stm32l5xx_hal_rcc_ex.o
 .text.RCCEx_PLLSAI2_Config
                0x00000000080057ac      0x158 ./Drivers/STM32L5xx_HAL_Driver/Src/stm32l5xx_hal_rcc_ex.o
 .text.HAL_RTC_Init
                0x0000000008005904       0xdc ./Drivers/STM32L5xx_HAL_Driver/Src/stm32l5xx_hal_rtc.o
                0x0000000008005904                HAL_RTC_Init
 .text.HAL_RTC_WaitForSynchro
                0x00000000080059e0       0x4c ./Drivers/STM32L5xx_HAL_Driver/Src/stm32l5xx_hal_rtc.o
                0x00000000080059e0                HAL_RTC_WaitForSynchro
 .text.RTC_EnterInitMode
                0x0000000008005a2c       0x68 ./Drivers/STM32L5xx_HAL_Driver/Src/stm32l5xx_hal_rtc.o
                0x0000000008005a2c                RTC_EnterInitMode
 .text.RTC_ExitInitMode
                0x0000000008005a94       0x7c ./Drivers/STM32L5xx_HAL_Driver/Src/stm32l5xx_hal_rtc.o
                0x0000000008005a94                RTC_ExitInitMode
 .text.HAL_RTCEx_PrivilegeModeSet
                0x0000000008005b10       0x58 ./Drivers/STM32L5xx_HAL_Driver/Src/stm32l5xx_hal_rtc_ex.o
                0x0000000008005b10                HAL_RTCEx_PrivilegeModeSet
 .text.HAL_UART_Init
                0x0000000008005b68       0xa0 ./Drivers/STM32L5xx_HAL_Driver/Src/stm32l5xx_hal_uart.o
                0x0000000008005b68                HAL_UART_Init
 .text.UART_SetConfig
                0x0000000008005c08      0x59c ./Drivers/STM32L5xx_HAL_Driver/Src/stm32l5xx_hal_uart.o
                0x0000000008005c08                UART_SetConfig
 .text.UART_AdvFeatureConfig
                0x00000000080061a4      0x144 ./Drivers/STM32L5xx_HAL_Driver/Src/stm32l5xx_hal_uart.o
                0x00000000080061a4                UART_AdvFeatureConfig
 .text.UART_CheckIdleState
                0x00000000080062e8       0x96 ./Drivers/STM32L5xx_HAL_Driver/Src/stm32l5xx_hal_uart.o
                0x00000000080062e8                UART_CheckIdleState
 .text.UART_WaitOnFlagUntilTimeout
                0x000000000800637e      0x100 ./Drivers/STM32L5xx_HAL_Driver/Src/stm32l5xx_hal_uart.o
                0x000000000800637e                UART_WaitOnFlagUntilTimeout
 .text.HAL_UARTEx_DisableFifoMode
                0x000000000800647e       0x72 ./Drivers/STM32L5xx_HAL_Driver/Src/stm32l5xx_hal_uart_ex.o
                0x000000000800647e                HAL_UARTEx_DisableFifoMode
 .text.HAL_UARTEx_SetTxFifoThreshold
                0x00000000080064f0       0x7c ./Drivers/STM32L5xx_HAL_Driver/Src/stm32l5xx_hal_uart_ex.o
                0x00000000080064f0                HAL_UARTEx_SetTxFifoThreshold
 .text.HAL_UARTEx_SetRxFifoThreshold
                0x000000000800656c       0x7c ./Drivers/STM32L5xx_HAL_Driver/Src/stm32l5xx_hal_uart_ex.o
                0x000000000800656c                HAL_UARTEx_SetRxFifoThreshold
 .text.UARTEx_SetNbDataToProcess
                0x00000000080065e8       0x9c ./Drivers/STM32L5xx_HAL_Driver/Src/stm32l5xx_hal_uart_ex.o
 .text.LL_GPIO_SetPinMode
                0x0000000008006684       0x7a ./Drivers/STM32L5xx_HAL_Driver/Src/stm32l5xx_ll_gpio.o
 .text.LL_GPIO_SetPinOutputType
                0x00000000080066fe       0x30 ./Drivers/STM32L5xx_HAL_Driver/Src/stm32l5xx_ll_gpio.o
 .text.LL_GPIO_SetPinSpeed
                0x000000000800672e       0x7a ./Drivers/STM32L5xx_HAL_Driver/Src/stm32l5xx_ll_gpio.o
 .text.LL_GPIO_SetPinPull
                0x00000000080067a8       0x7a ./Drivers/STM32L5xx_HAL_Driver/Src/stm32l5xx_ll_gpio.o
 .text.LL_GPIO_SetAFPin_0_7
                0x0000000008006822       0x7a ./Drivers/STM32L5xx_HAL_Driver/Src/stm32l5xx_ll_gpio.o
 .text.LL_GPIO_SetAFPin_8_15
                0x000000000800689c       0x7e ./Drivers/STM32L5xx_HAL_Driver/Src/stm32l5xx_ll_gpio.o
 .text.LL_GPIO_Init
                0x000000000800691a       0xda ./Drivers/STM32L5xx_HAL_Driver/Src/stm32l5xx_ll_gpio.o
                0x000000000800691a                LL_GPIO_Init
 .text.USB_EnableGlobalInt
                0x00000000080069f4       0x2e ./Drivers/STM32L5xx_HAL_Driver/Src/stm32l5xx_ll_usb.o
                0x00000000080069f4                USB_EnableGlobalInt
 .text.USB_DisableGlobalInt
                0x0000000008006a22       0x36 ./Drivers/STM32L5xx_HAL_Driver/Src/stm32l5xx_ll_usb.o
                0x0000000008006a22                USB_DisableGlobalInt
 .text.USB_DevInit
                0x0000000008006a58       0x42 ./Drivers/STM32L5xx_HAL_Driver/Src/stm32l5xx_ll_usb.o
                0x0000000008006a58                USB_DevInit
 *fill*         0x0000000008006a9a        0x2 
 .text.USB_ActivateEndpoint
                0x0000000008006a9c      0x6dc ./Drivers/STM32L5xx_HAL_Driver/Src/stm32l5xx_ll_usb.o
                0x0000000008006a9c                USB_ActivateEndpoint
 .text.USB_DeactivateEndpoint
                0x0000000008007178      0x3da ./Drivers/STM32L5xx_HAL_Driver/Src/stm32l5xx_ll_usb.o
                0x0000000008007178                USB_DeactivateEndpoint
 .text.USB_EPStartXfer
                0x0000000008007552     0x15ee ./Drivers/STM32L5xx_HAL_Driver/Src/stm32l5xx_ll_usb.o
                0x0000000008007552                USB_EPStartXfer
 .text.USB_EPSetStall
                0x0000000008008b40       0xa2 ./Drivers/STM32L5xx_HAL_Driver/Src/stm32l5xx_ll_usb.o
                0x0000000008008b40                USB_EPSetStall
 .text.USB_EPClearStall
                0x0000000008008be2      0x15c ./Drivers/STM32L5xx_HAL_Driver/Src/stm32l5xx_ll_usb.o
                0x0000000008008be2                USB_EPClearStall
 .text.USB_SetDevAddress
                0x0000000008008d3e       0x28 ./Drivers/STM32L5xx_HAL_Driver/Src/stm32l5xx_ll_usb.o
                0x0000000008008d3e                USB_SetDevAddress
 .text.USB_DevConnect
                0x0000000008008d66       0x2e ./Drivers/STM32L5xx_HAL_Driver/Src/stm32l5xx_ll_usb.o
                0x0000000008008d66                USB_DevConnect
 .text.USB_ReadInterrupts
                0x0000000008008d94       0x20 ./Drivers/STM32L5xx_HAL_Driver/Src/stm32l5xx_ll_usb.o
                0x0000000008008d94                USB_ReadInterrupts
 .text.USB_WritePMA
                0x0000000008008db4       0x84 ./Drivers/STM32L5xx_HAL_Driver/Src/stm32l5xx_ll_usb.o
                0x0000000008008db4                USB_WritePMA
 .text.USB_ReadPMA
                0x0000000008008e38       0x98 ./Drivers/STM32L5xx_HAL_Driver/Src/stm32l5xx_ll_usb.o
                0x0000000008008e38                USB_ReadPMA
 .text.USBD_CUSTOM_HID_Init
                0x0000000008008ed0       0xa2 ./Middlewares/ST/STM32_USB_Device_Library/Class/CustomHID/Src/usbd_customhid.o
 .text.USBD_CUSTOM_HID_DeInit
                0x0000000008008f72       0x6a ./Middlewares/ST/STM32_USB_Device_Library/Class/CustomHID/Src/usbd_customhid.o
 .text.USBD_CUSTOM_HID_Setup
                0x0000000008008fdc      0x214 ./Middlewares/ST/STM32_USB_Device_Library/Class/CustomHID/Src/usbd_customhid.o
 .text.USBD_CUSTOM_HID_GetFSCfgDesc
                0x00000000080091f0       0x20 ./Middlewares/ST/STM32_USB_Device_Library/Class/CustomHID/Src/usbd_customhid.o
 .text.USBD_CUSTOM_HID_GetHSCfgDesc
                0x0000000008009210       0x20 ./Middlewares/ST/STM32_USB_Device_Library/Class/CustomHID/Src/usbd_customhid.o
 .text.USBD_CUSTOM_HID_GetOtherSpeedCfgDesc
                0x0000000008009230       0x20 ./Middlewares/ST/STM32_USB_Device_Library/Class/CustomHID/Src/usbd_customhid.o
 .text.USBD_CUSTOM_HID_DataIn
                0x0000000008009250       0x26 ./Middlewares/ST/STM32_USB_Device_Library/Class/CustomHID/Src/usbd_customhid.o
 .text.USBD_CUSTOM_HID_DataOut
                0x0000000008009276       0x40 ./Middlewares/ST/STM32_USB_Device_Library/Class/CustomHID/Src/usbd_customhid.o
 .text.USBD_CUSTOM_HID_ReceivePacket
                0x00000000080092b6       0x34 ./Middlewares/ST/STM32_USB_Device_Library/Class/CustomHID/Src/usbd_customhid.o
                0x00000000080092b6                USBD_CUSTOM_HID_ReceivePacket
 .text.USBD_CUSTOM_HID_EP0_RxReady
                0x00000000080092ea       0x46 ./Middlewares/ST/STM32_USB_Device_Library/Class/CustomHID/Src/usbd_customhid.o
 .text.USBD_CUSTOM_HID_GetDeviceQualifierDesc
                0x0000000008009330       0x20 ./Middlewares/ST/STM32_USB_Device_Library/Class/CustomHID/Src/usbd_customhid.o
 .text.USBD_CUSTOM_HID_RegisterInterface
                0x0000000008009350       0x2a ./Middlewares/ST/STM32_USB_Device_Library/Class/CustomHID/Src/usbd_customhid.o
                0x0000000008009350                USBD_CUSTOM_HID_RegisterInterface
 .text.USBD_Init
                0x000000000800937a       0x60 ./Middlewares/ST/STM32_USB_Device_Library/Core/Src/usbd_core.o
                0x000000000800937a                USBD_Init
 .text.USBD_RegisterClass
                0x00000000080093da       0x4e ./Middlewares/ST/STM32_USB_Device_Library/Core/Src/usbd_core.o
                0x00000000080093da                USBD_RegisterClass
 .text.USBD_Start
                0x0000000008009428       0x18 ./Middlewares/ST/STM32_USB_Device_Library/Core/Src/usbd_core.o
                0x0000000008009428                USBD_Start
 .text.USBD_RunTestMode
                0x0000000008009440       0x16 ./Middlewares/ST/STM32_USB_Device_Library/Core/Src/usbd_core.o
                0x0000000008009440                USBD_RunTestMode
 .text.USBD_SetClassConfig
                0x0000000008009456       0x38 ./Middlewares/ST/STM32_USB_Device_Library/Core/Src/usbd_core.o
                0x0000000008009456                USBD_SetClassConfig
 .text.USBD_ClrClassConfig
                0x000000000800948e       0x30 ./Middlewares/ST/STM32_USB_Device_Library/Core/Src/usbd_core.o
                0x000000000800948e                USBD_ClrClassConfig
 .text.USBD_LL_SetupStage
                0x00000000080094be       0xaa ./Middlewares/ST/STM32_USB_Device_Library/Core/Src/usbd_core.o
                0x00000000080094be                USBD_LL_SetupStage
 .text.USBD_LL_DataOutStage
                0x0000000008009568       0xc6 ./Middlewares/ST/STM32_USB_Device_Library/Core/Src/usbd_core.o
                0x0000000008009568                USBD_LL_DataOutStage
 .text.USBD_LL_DataInStage
                0x000000000800962e      0x12c ./Middlewares/ST/STM32_USB_Device_Library/Core/Src/usbd_core.o
                0x000000000800962e                USBD_LL_DataInStage
 .text.USBD_LL_Reset
                0x000000000800975a       0x9c ./Middlewares/ST/STM32_USB_Device_Library/Core/Src/usbd_core.o
                0x000000000800975a                USBD_LL_Reset
 .text.USBD_LL_SetSpeed
                0x00000000080097f6       0x20 ./Middlewares/ST/STM32_USB_Device_Library/Core/Src/usbd_core.o
                0x00000000080097f6                USBD_LL_SetSpeed
 .text.USBD_LL_Suspend
                0x0000000008009816       0x2c ./Middlewares/ST/STM32_USB_Device_Library/Core/Src/usbd_core.o
                0x0000000008009816                USBD_LL_Suspend
 .text.USBD_LL_Resume
                0x0000000008009842       0x30 ./Middlewares/ST/STM32_USB_Device_Library/Core/Src/usbd_core.o
                0x0000000008009842                USBD_LL_Resume
 .text.USBD_LL_SOF
                0x0000000008009872       0x44 ./Middlewares/ST/STM32_USB_Device_Library/Core/Src/usbd_core.o
                0x0000000008009872                USBD_LL_SOF
 .text.SWAPBYTE
                0x00000000080098b6       0x3c ./Middlewares/ST/STM32_USB_Device_Library/Core/Src/usbd_ctlreq.o
 *fill*         0x00000000080098f2        0x2 
 .text.USBD_StdDevReq
                0x00000000080098f4       0xdc ./Middlewares/ST/STM32_USB_Device_Library/Core/Src/usbd_ctlreq.o
                0x00000000080098f4                USBD_StdDevReq
 .text.USBD_StdItfReq
                0x00000000080099d0       0x92 ./Middlewares/ST/STM32_USB_Device_Library/Core/Src/usbd_ctlreq.o
                0x00000000080099d0                USBD_StdItfReq
 .text.USBD_StdEPReq
                0x0000000008009a62      0x2c4 ./Middlewares/ST/STM32_USB_Device_Library/Core/Src/usbd_ctlreq.o
                0x0000000008009a62                USBD_StdEPReq
 *fill*         0x0000000008009d26        0x2 
 .text.USBD_GetDescriptor
                0x0000000008009d28      0x328 ./Middlewares/ST/STM32_USB_Device_Library/Core/Src/usbd_ctlreq.o
 .text.USBD_SetAddress
                0x000000000800a050       0x88 ./Middlewares/ST/STM32_USB_Device_Library/Core/Src/usbd_ctlreq.o
 .text.USBD_SetConfig
                0x000000000800a0d8      0x14c ./Middlewares/ST/STM32_USB_Device_Library/Core/Src/usbd_ctlreq.o
 .text.USBD_GetConfig
                0x000000000800a224       0x6c ./Middlewares/ST/STM32_USB_Device_Library/Core/Src/usbd_ctlreq.o
 .text.USBD_GetStatus
                0x000000000800a290       0x68 ./Middlewares/ST/STM32_USB_Device_Library/Core/Src/usbd_ctlreq.o
 .text.USBD_SetFeature
                0x000000000800a2f8       0x28 ./Middlewares/ST/STM32_USB_Device_Library/Core/Src/usbd_ctlreq.o
 .text.USBD_ClrFeature
                0x000000000800a320       0x44 ./Middlewares/ST/STM32_USB_Device_Library/Core/Src/usbd_ctlreq.o
 .text.USBD_ParseSetupRequest
                0x000000000800a364       0x74 ./Middlewares/ST/STM32_USB_Device_Library/Core/Src/usbd_ctlreq.o
                0x000000000800a364                USBD_ParseSetupRequest
 .text.USBD_CtlError
                0x000000000800a3d8       0x22 ./Middlewares/ST/STM32_USB_Device_Library/Core/Src/usbd_ctlreq.o
                0x000000000800a3d8                USBD_CtlError
 .text.USBD_GetString
                0x000000000800a3fa       0x8c ./Middlewares/ST/STM32_USB_Device_Library/Core/Src/usbd_ctlreq.o
                0x000000000800a3fa                USBD_GetString
 .text.USBD_GetLen
                0x000000000800a486       0x34 ./Middlewares/ST/STM32_USB_Device_Library/Core/Src/usbd_ctlreq.o
 .text.USBD_CtlSendData
                0x000000000800a4ba       0x36 ./Middlewares/ST/STM32_USB_Device_Library/Core/Src/usbd_ioreq.o
                0x000000000800a4ba                USBD_CtlSendData
 .text.USBD_CtlContinueSendData
                0x000000000800a4f0       0x22 ./Middlewares/ST/STM32_USB_Device_Library/Core/Src/usbd_ioreq.o
                0x000000000800a4f0                USBD_CtlContinueSendData
 .text.USBD_CtlPrepareRx
                0x000000000800a512       0x3a ./Middlewares/ST/STM32_USB_Device_Library/Core/Src/usbd_ioreq.o
                0x000000000800a512                USBD_CtlPrepareRx
 .text.USBD_CtlContinueRx
                0x000000000800a54c       0x22 ./Middlewares/ST/STM32_USB_Device_Library/Core/Src/usbd_ioreq.o
                0x000000000800a54c                USBD_CtlContinueRx
 .text.USBD_CtlSendStatus
                0x000000000800a56e       0x26 ./Middlewares/ST/STM32_USB_Device_Library/Core/Src/usbd_ioreq.o
                0x000000000800a56e                USBD_CtlSendStatus
 .text.USBD_CtlReceiveStatus
                0x000000000800a594       0x26 ./Middlewares/ST/STM32_USB_Device_Library/Core/Src/usbd_ioreq.o
                0x000000000800a594                USBD_CtlReceiveStatus
 *fill*         0x000000000800a5ba        0x2 
 .text.MX_USB_Device_Init
                0x000000000800a5bc       0x60 ./USB_Device/App/usb_device.o
                0x000000000800a5bc                MX_USB_Device_Init
 .text.CUSTOM_HID_Init_FS
                0x000000000800a61c       0x10 ./USB_Device/App/usbd_custom_hid_if.o
 .text.CUSTOM_HID_DeInit_FS
                0x000000000800a62c       0x10 ./USB_Device/App/usbd_custom_hid_if.o
 .text.CUSTOM_HID_OutEvent_FS
                0x000000000800a63c       0x24 ./USB_Device/App/usbd_custom_hid_if.o
 .text.USBD_CUSTOM_HID_DeviceDescriptor
                0x000000000800a660       0x24 ./USB_Device/App/usbd_desc.o
                0x000000000800a660                USBD_CUSTOM_HID_DeviceDescriptor
 .text.USBD_CUSTOM_HID_LangIDStrDescriptor
                0x000000000800a684       0x24 ./USB_Device/App/usbd_desc.o
                0x000000000800a684                USBD_CUSTOM_HID_LangIDStrDescriptor
 .text.USBD_CUSTOM_HID_ProductStrDescriptor
                0x000000000800a6a8       0x3c ./USB_Device/App/usbd_desc.o
                0x000000000800a6a8                USBD_CUSTOM_HID_ProductStrDescriptor
 .text.USBD_CUSTOM_HID_ManufacturerStrDescriptor
                0x000000000800a6e4       0x28 ./USB_Device/App/usbd_desc.o
                0x000000000800a6e4                USBD_CUSTOM_HID_ManufacturerStrDescriptor
 .text.USBD_CUSTOM_HID_SerialStrDescriptor
                0x000000000800a70c       0x24 ./USB_Device/App/usbd_desc.o
                0x000000000800a70c                USBD_CUSTOM_HID_SerialStrDescriptor
 .text.USBD_CUSTOM_HID_ConfigStrDescriptor
                0x000000000800a730       0x3c ./USB_Device/App/usbd_desc.o
                0x000000000800a730                USBD_CUSTOM_HID_ConfigStrDescriptor
 .text.USBD_CUSTOM_HID_InterfaceStrDescriptor
                0x000000000800a76c       0x3c ./USB_Device/App/usbd_desc.o
                0x000000000800a76c                USBD_CUSTOM_HID_InterfaceStrDescriptor
 .text.Get_SerialNum
                0x000000000800a7a8       0x58 ./USB_Device/App/usbd_desc.o
 .text.IntToUnicode
                0x000000000800a800       0x7e ./USB_Device/App/usbd_desc.o
 *fill*         0x000000000800a87e        0x2 
 .text.HAL_PCD_MspInit
                0x000000000800a880       0xd0 ./USB_Device/Target/usbd_conf.o
                0x000000000800a880                HAL_PCD_MspInit
 .text.HAL_PCD_SetupStageCallback
                0x000000000800a950       0x24 ./USB_Device/Target/usbd_conf.o
                0x000000000800a950                HAL_PCD_SetupStageCallback
 .text.HAL_PCD_DataOutStageCallback
                0x000000000800a974       0x36 ./USB_Device/Target/usbd_conf.o
                0x000000000800a974                HAL_PCD_DataOutStageCallback
 .text.HAL_PCD_DataInStageCallback
                0x000000000800a9aa       0x34 ./USB_Device/Target/usbd_conf.o
                0x000000000800a9aa                HAL_PCD_DataInStageCallback
 .text.HAL_PCD_SOFCallback
                0x000000000800a9de       0x1c ./USB_Device/Target/usbd_conf.o
                0x000000000800a9de                HAL_PCD_SOFCallback
 .text.HAL_PCD_ResetCallback
                0x000000000800a9fa       0x3c ./USB_Device/Target/usbd_conf.o
                0x000000000800a9fa                HAL_PCD_ResetCallback
 *fill*         0x000000000800aa36        0x2 
 .text.HAL_PCD_SuspendCallback
                0x000000000800aa38       0x34 ./USB_Device/Target/usbd_conf.o
                0x000000000800aa38                HAL_PCD_SuspendCallback
 .text.HAL_PCD_ResumeCallback
                0x000000000800aa6c       0x38 ./USB_Device/Target/usbd_conf.o
                0x000000000800aa6c                HAL_PCD_ResumeCallback
 .text.USBD_LL_Init
                0x000000000800aaa4       0xb0 ./USB_Device/Target/usbd_conf.o
                0x000000000800aaa4                USBD_LL_Init
 .text.USBD_LL_Start
                0x000000000800ab54       0x36 ./USB_Device/Target/usbd_conf.o
                0x000000000800ab54                USBD_LL_Start
 .text.USBD_LL_OpenEP
                0x000000000800ab8a       0x4c ./USB_Device/Target/usbd_conf.o
                0x000000000800ab8a                USBD_LL_OpenEP
 .text.USBD_LL_CloseEP
                0x000000000800abd6       0x3e ./USB_Device/Target/usbd_conf.o
                0x000000000800abd6                USBD_LL_CloseEP
 .text.USBD_LL_StallEP
                0x000000000800ac14       0x3e ./USB_Device/Target/usbd_conf.o
                0x000000000800ac14                USBD_LL_StallEP
 .text.USBD_LL_ClearStallEP
                0x000000000800ac52       0x3e ./USB_Device/Target/usbd_conf.o
                0x000000000800ac52                USBD_LL_ClearStallEP
 .text.USBD_LL_IsStallEP
                0x000000000800ac90       0x5a ./USB_Device/Target/usbd_conf.o
                0x000000000800ac90                USBD_LL_IsStallEP
 .text.USBD_LL_SetUSBAddress
                0x000000000800acea       0x3e ./USB_Device/Target/usbd_conf.o
                0x000000000800acea                USBD_LL_SetUSBAddress
 .text.USBD_LL_Transmit
                0x000000000800ad28       0x42 ./USB_Device/Target/usbd_conf.o
                0x000000000800ad28                USBD_LL_Transmit
 .text.USBD_LL_PrepareReceive
                0x000000000800ad6a       0x42 ./USB_Device/Target/usbd_conf.o
                0x000000000800ad6a                USBD_LL_PrepareReceive
 .text.HAL_PCDEx_LPM_Callback
                0x000000000800adac       0x6c ./USB_Device/Target/usbd_conf.o
                0x000000000800adac                HAL_PCDEx_LPM_Callback
 .text.USBD_static_malloc
                0x000000000800ae18       0x1c ./USB_Device/Target/usbd_conf.o
                0x000000000800ae18                USBD_static_malloc
 .text.USBD_static_free
                0x000000000800ae34       0x14 ./USB_Device/Target/usbd_conf.o
                0x000000000800ae34                USBD_static_free
 .text.SystemClockConfig_Resume
                0x000000000800ae48        0xc ./USB_Device/Target/usbd_conf.o
 .text.USBD_Get_USB_Status
                0x000000000800ae54       0x58 ./USB_Device/Target/usbd_conf.o
 .text.__libc_init_array
                0x000000000800aeac       0x48 c:/st/stm32cubeide_1.8.0/stm32cubeide/plugins/com.st.stm32cube.ide.mcu.externaltools.gnu-tools-for-stm32.9-2020-q2-update.win32_2.0.0.202105311346/tools/bin/../lib/gcc/arm-none-eabi/9.3.1/../../../../arm-none-eabi/lib/thumb/v8-m.main+fp/hard\libc_nano.a(lib_a-init.o)
                0x000000000800aeac                __libc_init_array
 .text.memset   0x000000000800aef4       0x10 c:/st/stm32cubeide_1.8.0/stm32cubeide/plugins/com.st.stm32cube.ide.mcu.externaltools.gnu-tools-for-stm32.9-2020-q2-update.win32_2.0.0.202105311346/tools/bin/../lib/gcc/arm-none-eabi/9.3.1/../../../../arm-none-eabi/lib/thumb/v8-m.main+fp/hard\libc_nano.a(lib_a-memset.o)
                0x000000000800aef4                memset
 *(.glue_7)
 .glue_7        0x000000000800af04        0x0 linker stubs
 *(.glue_7t)
 .glue_7t       0x000000000800af04        0x0 linker stubs
 *(.eh_frame)
 .eh_frame      0x000000000800af04        0x0 c:/st/stm32cubeide_1.8.0/stm32cubeide/plugins/com.st.stm32cube.ide.mcu.externaltools.gnu-tools-for-stm32.9-2020-q2-update.win32_2.0.0.202105311346/tools/bin/../lib/gcc/arm-none-eabi/9.3.1/thumb/v8-m.main+fp/hard/crtbegin.o
 *(.init)
 .init          0x000000000800af04        0x4 c:/st/stm32cubeide_1.8.0/stm32cubeide/plugins/com.st.stm32cube.ide.mcu.externaltools.gnu-tools-for-stm32.9-2020-q2-update.win32_2.0.0.202105311346/tools/bin/../lib/gcc/arm-none-eabi/9.3.1/thumb/v8-m.main+fp/hard/crti.o
                0x000000000800af04                _init
 .init          0x000000000800af08        0x8 c:/st/stm32cubeide_1.8.0/stm32cubeide/plugins/com.st.stm32cube.ide.mcu.externaltools.gnu-tools-for-stm32.9-2020-q2-update.win32_2.0.0.202105311346/tools/bin/../lib/gcc/arm-none-eabi/9.3.1/thumb/v8-m.main+fp/hard/crtn.o
 *(.fini)
 .fini          0x000000000800af10        0x4 c:/st/stm32cubeide_1.8.0/stm32cubeide/plugins/com.st.stm32cube.ide.mcu.externaltools.gnu-tools-for-stm32.9-2020-q2-update.win32_2.0.0.202105311346/tools/bin/../lib/gcc/arm-none-eabi/9.3.1/thumb/v8-m.main+fp/hard/crti.o
                0x000000000800af10                _fini
 .fini          0x000000000800af14        0x8 c:/st/stm32cubeide_1.8.0/stm32cubeide/plugins/com.st.stm32cube.ide.mcu.externaltools.gnu-tools-for-stm32.9-2020-q2-update.win32_2.0.0.202105311346/tools/bin/../lib/gcc/arm-none-eabi/9.3.1/thumb/v8-m.main+fp/hard/crtn.o
                0x000000000800af1c                . = ALIGN (0x4)
                0x000000000800af1c                _etext = .

.vfp11_veneer   0x000000000800af1c        0x0
 .vfp11_veneer  0x000000000800af1c        0x0 linker stubs

.v4_bx          0x000000000800af1c        0x0
 .v4_bx         0x000000000800af1c        0x0 linker stubs

.iplt           0x000000000800af1c        0x0
 .iplt          0x000000000800af1c        0x0 c:/st/stm32cubeide_1.8.0/stm32cubeide/plugins/com.st.stm32cube.ide.mcu.externaltools.gnu-tools-for-stm32.9-2020-q2-update.win32_2.0.0.202105311346/tools/bin/../lib/gcc/arm-none-eabi/9.3.1/thumb/v8-m.main+fp/hard/crtbegin.o

.rodata         0x000000000800af1c       0xe0
                0x000000000800af1c                . = ALIGN (0x4)
 *(.rodata)
 .rodata        0x000000000800af1c       0x5d ./USB_Device/App/usbd_desc.o
 *(.rodata*)
 *fill*         0x000000000800af79        0x3 
 .rodata.AHBPrescTable
                0x000000000800af7c       0x10 ./Core/Src/system_stm32l5xx.o
                0x000000000800af7c                AHBPrescTable
 .rodata.APBPrescTable
                0x000000000800af8c        0x8 ./Core/Src/system_stm32l5xx.o
                0x000000000800af8c                APBPrescTable
 .rodata.MSIRangeTable
                0x000000000800af94       0x40 ./Core/Src/system_stm32l5xx.o
                0x000000000800af94                MSIRangeTable
 .rodata.UARTPrescTable
                0x000000000800afd4       0x18 ./Drivers/STM32L5xx_HAL_Driver/Src/stm32l5xx_hal_uart.o
                0x000000000800afd4                UARTPrescTable
 .rodata.numerator.10459
                0x000000000800afec        0x8 ./Drivers/STM32L5xx_HAL_Driver/Src/stm32l5xx_hal_uart_ex.o
 .rodata.denominator.10460
                0x000000000800aff4        0x8 ./Drivers/STM32L5xx_HAL_Driver/Src/stm32l5xx_hal_uart_ex.o
                0x000000000800affc                . = ALIGN (0x4)

.ARM.extab      0x000000000800affc        0x0
                0x000000000800affc                . = ALIGN (0x4)
 *(.ARM.extab* .gnu.linkonce.armextab.*)
                0x000000000800affc                . = ALIGN (0x4)

.ARM            0x000000000800affc        0x8
                0x000000000800affc                . = ALIGN (0x4)
                0x000000000800affc                __exidx_start = .
 *(.ARM.exidx*)
 .ARM.exidx     0x000000000800affc        0x8 c:/st/stm32cubeide_1.8.0/stm32cubeide/plugins/com.st.stm32cube.ide.mcu.externaltools.gnu-tools-for-stm32.9-2020-q2-update.win32_2.0.0.202105311346/tools/bin/../lib/gcc/arm-none-eabi/9.3.1/thumb/v8-m.main+fp/hard\libgcc.a(_udivmoddi4.o)
                0x000000000800b004                __exidx_end = .
                0x000000000800b004                . = ALIGN (0x4)

.rel.dyn        0x000000000800b004        0x0
 .rel.iplt      0x000000000800b004        0x0 c:/st/stm32cubeide_1.8.0/stm32cubeide/plugins/com.st.stm32cube.ide.mcu.externaltools.gnu-tools-for-stm32.9-2020-q2-update.win32_2.0.0.202105311346/tools/bin/../lib/gcc/arm-none-eabi/9.3.1/thumb/v8-m.main+fp/hard/crtbegin.o

.preinit_array  0x000000000800b004        0x0
                0x000000000800b004                . = ALIGN (0x4)
                0x000000000800b004                PROVIDE (__preinit_array_start = .)
 *(.preinit_array*)
                0x000000000800b004                PROVIDE (__preinit_array_end = .)
                0x000000000800b004                . = ALIGN (0x4)

.init_array     0x000000000800b004        0x4
                0x000000000800b004                . = ALIGN (0x4)
                0x000000000800b004                PROVIDE (__init_array_start = .)
 *(SORT_BY_NAME(.init_array.*))
 *(.init_array*)
 .init_array    0x000000000800b004        0x4 c:/st/stm32cubeide_1.8.0/stm32cubeide/plugins/com.st.stm32cube.ide.mcu.externaltools.gnu-tools-for-stm32.9-2020-q2-update.win32_2.0.0.202105311346/tools/bin/../lib/gcc/arm-none-eabi/9.3.1/thumb/v8-m.main+fp/hard/crtbegin.o
                0x000000000800b008                PROVIDE (__init_array_end = .)
                0x000000000800b008                . = ALIGN (0x4)

.fini_array     0x000000000800b008        0x4
                0x000000000800b008                . = ALIGN (0x4)
                [!provide]                        PROVIDE (__fini_array_start = .)
 *(SORT_BY_NAME(.fini_array.*))
 *(.fini_array*)
 .fini_array    0x000000000800b008        0x4 c:/st/stm32cubeide_1.8.0/stm32cubeide/plugins/com.st.stm32cube.ide.mcu.externaltools.gnu-tools-for-stm32.9-2020-q2-update.win32_2.0.0.202105311346/tools/bin/../lib/gcc/arm-none-eabi/9.3.1/thumb/v8-m.main+fp/hard/crtbegin.o
                [!provide]                        PROVIDE (__fini_array_end = .)
                0x000000000800b00c                . = ALIGN (0x4)
                0x000000000800b00c                _sidata = LOADADDR (.data)

.data           0x0000000020000000      0x15c load address 0x000000000800b00c
                0x0000000020000000                . = ALIGN (0x4)
                0x0000000020000000                _sdata = .
 *(.data)
 *(.data*)
 .data.SystemCoreClock
                0x0000000020000000        0x4 ./Core/Src/system_stm32l5xx.o
                0x0000000020000000                SystemCoreClock
 .data.uwTickPrio
                0x0000000020000004        0x4 ./Drivers/STM32L5xx_HAL_Driver/Src/stm32l5xx_hal.o
                0x0000000020000004                uwTickPrio
 .data.uwTickFreq
                0x0000000020000008        0x1 ./Drivers/STM32L5xx_HAL_Driver/Src/stm32l5xx_hal.o
                0x0000000020000008                uwTickFreq
 *fill*         0x0000000020000009        0x3 
 .data.USBD_CUSTOM_HID
                0x000000002000000c       0x38 ./Middlewares/ST/STM32_USB_Device_Library/Class/CustomHID/Src/usbd_customhid.o
                0x000000002000000c                USBD_CUSTOM_HID
 .data.USBD_CUSTOM_HID_CfgFSDesc
                0x0000000020000044       0x29 ./Middlewares/ST/STM32_USB_Device_Library/Class/CustomHID/Src/usbd_customhid.o
 *fill*         0x000000002000006d        0x3 
 .data.USBD_CUSTOM_HID_CfgHSDesc
                0x0000000020000070       0x29 ./Middlewares/ST/STM32_USB_Device_Library/Class/CustomHID/Src/usbd_customhid.o
 *fill*         0x0000000020000099        0x3 
 .data.USBD_CUSTOM_HID_OtherSpeedCfgDesc
                0x000000002000009c       0x29 ./Middlewares/ST/STM32_USB_Device_Library/Class/CustomHID/Src/usbd_customhid.o
 *fill*         0x00000000200000c5        0x3 
 .data.USBD_CUSTOM_HID_Desc
                0x00000000200000c8        0x9 ./Middlewares/ST/STM32_USB_Device_Library/Class/CustomHID/Src/usbd_customhid.o
 *fill*         0x00000000200000d1        0x3 
 .data.USBD_CUSTOM_HID_DeviceQualifierDesc
                0x00000000200000d4        0xa ./Middlewares/ST/STM32_USB_Device_Library/Class/CustomHID/Src/usbd_customhid.o
 *fill*         0x00000000200000de        0x2 
 .data.CUSTOM_HID_ReportDesc_FS
                0x00000000200000e0       0x15 ./USB_Device/App/usbd_custom_hid_if.o
 *fill*         0x00000000200000f5        0x3 
 .data.USBD_CustomHID_fops_FS
                0x00000000200000f8       0x10 ./USB_Device/App/usbd_custom_hid_if.o
                0x00000000200000f8                USBD_CustomHID_fops_FS
 .data.CUSTOM_HID_Desc
                0x0000000020000108       0x20 ./USB_Device/App/usbd_desc.o
                0x0000000020000108                CUSTOM_HID_Desc
 .data.USBD_CUSTOM_HID_DeviceDesc
                0x0000000020000128       0x12 ./USB_Device/App/usbd_desc.o
                0x0000000020000128                USBD_CUSTOM_HID_DeviceDesc
 *fill*         0x000000002000013a        0x2 
 .data.USBD_LangIDDesc
                0x000000002000013c        0x4 ./USB_Device/App/usbd_desc.o
                0x000000002000013c                USBD_LangIDDesc
 .data.USBD_StringSerial
                0x0000000020000140       0x1a ./USB_Device/App/usbd_desc.o
                0x0000000020000140                USBD_StringSerial
 *(.RamFunc)
 *(.RamFunc*)
                0x000000002000015c                . = ALIGN (0x4)
 *fill*         0x000000002000015a        0x2 
                0x000000002000015c                _edata = .

.igot.plt       0x000000002000015c        0x0 load address 0x000000000800b168
 .igot.plt      0x000000002000015c        0x0 c:/st/stm32cubeide_1.8.0/stm32cubeide/plugins/com.st.stm32cube.ide.mcu.externaltools.gnu-tools-for-stm32.9-2020-q2-update.win32_2.0.0.202105311346/tools/bin/../lib/gcc/arm-none-eabi/9.3.1/thumb/v8-m.main+fp/hard/crtbegin.o
                0x000000002000015c                . = ALIGN (0x4)

.bss            0x000000002000015c      0x7a0 load address 0x000000000800b168
                0x000000002000015c                _sbss = .
                0x000000002000015c                __bss_start__ = _sbss
 *(.bss)
 .bss           0x000000002000015c       0x1c c:/st/stm32cubeide_1.8.0/stm32cubeide/plugins/com.st.stm32cube.ide.mcu.externaltools.gnu-tools-for-stm32.9-2020-q2-update.win32_2.0.0.202105311346/tools/bin/../lib/gcc/arm-none-eabi/9.3.1/thumb/v8-m.main+fp/hard/crtbegin.o
 *(.bss*)
 .bss.cfgidx.12426
                0x0000000020000178        0x1 ./Middlewares/ST/STM32_USB_Device_Library/Core/Src/usbd_ctlreq.o
 *fill*         0x0000000020000179        0x3 
 .bss.mem.12490
                0x000000002000017c       0x58 ./USB_Device/Target/usbd_conf.o
 *(COMMON)
 COMMON         0x00000000200001d4      0x120 ./Core/Src/main.o
                0x00000000200001d4                hlpuart1
                0x0000000020000264                hadc1
                0x00000000200002cc                hrtc
 COMMON         0x00000000200002f4        0x4 ./Drivers/STM32L5xx_HAL_Driver/Src/stm32l5xx_hal.o
                0x00000000200002f4                uwTick
 COMMON         0x00000000200002f8      0x2d0 ./USB_Device/App/usb_device.o
                0x00000000200002f8                hUsbDeviceFS
 COMMON         0x00000000200005c8       0x40 ./USB_Device/App/usbd_desc.o
                0x00000000200005c8                USBD_StrDesc
 COMMON         0x0000000020000608      0x2f4 ./USB_Device/Target/usbd_conf.o
                0x0000000020000608                hpcd_USB_FS
                0x00000000200008fc                . = ALIGN (0x4)
                0x00000000200008fc                _ebss = .
                0x00000000200008fc                __bss_end__ = _ebss

._user_heap_stack
                0x00000000200008fc     0x2004 load address 0x000000000800b168
                0x0000000020000900                . = ALIGN (0x8)
 *fill*         0x00000000200008fc        0x4 
                [!provide]                        PROVIDE (end = .)
                0x0000000020000900                PROVIDE (_end = .)
                0x0000000020001900                . = (. + _Min_Heap_Size)
 *fill*         0x0000000020000900     0x1000 
                0x0000000020002900                . = (. + _Min_Stack_Size)
 *fill*         0x0000000020001900     0x1000 
                0x0000000020002900                . = ALIGN (0x8)

/DISCARD/
 libc.a(*)
 libm.a(*)
 libgcc.a(*)

.ARM.attributes
                0x0000000000000000       0x36
 *(.ARM.attributes)
 .ARM.attributes
                0x0000000000000000       0x22 c:/st/stm32cubeide_1.8.0/stm32cubeide/plugins/com.st.stm32cube.ide.mcu.externaltools.gnu-tools-for-stm32.9-2020-q2-update.win32_2.0.0.202105311346/tools/bin/../lib/gcc/arm-none-eabi/9.3.1/thumb/v8-m.main+fp/hard/crti.o
 .ARM.attributes
                0x0000000000000022       0x38 c:/st/stm32cubeide_1.8.0/stm32cubeide/plugins/com.st.stm32cube.ide.mcu.externaltools.gnu-tools-for-stm32.9-2020-q2-update.win32_2.0.0.202105311346/tools/bin/../lib/gcc/arm-none-eabi/9.3.1/thumb/v8-m.main+fp/hard/crtbegin.o
 .ARM.attributes
                0x000000000000005a       0x3a ./Core/Src/main.o
 .ARM.attributes
                0x0000000000000094       0x3a ./Core/Src/stm32l5xx_hal_msp.o
 .ARM.attributes
                0x00000000000000ce       0x3a ./Core/Src/stm32l5xx_it.o
 .ARM.attributes
                0x0000000000000108       0x3a ./Core/Src/system_stm32l5xx.o
 .ARM.attributes
                0x0000000000000142       0x24 ./Core/Startup/startup_stm32l552zetxq.o
 .ARM.attributes
                0x0000000000000166       0x3a ./Drivers/STM32L5xx_HAL_Driver/Src/stm32l5xx_hal.o
 .ARM.attributes
                0x00000000000001a0       0x3a ./Drivers/STM32L5xx_HAL_Driver/Src/stm32l5xx_hal_adc.o
 .ARM.attributes
                0x00000000000001da       0x3a ./Drivers/STM32L5xx_HAL_Driver/Src/stm32l5xx_hal_adc_ex.o
 .ARM.attributes
                0x0000000000000214       0x3a ./Drivers/STM32L5xx_HAL_Driver/Src/stm32l5xx_hal_cortex.o
 .ARM.attributes
                0x000000000000024e       0x3a ./Drivers/STM32L5xx_HAL_Driver/Src/stm32l5xx_hal_gpio.o
 .ARM.attributes
                0x0000000000000288       0x3a ./Drivers/STM32L5xx_HAL_Driver/Src/stm32l5xx_hal_icache.o
 .ARM.attributes
                0x00000000000002c2       0x3a ./Drivers/STM32L5xx_HAL_Driver/Src/stm32l5xx_hal_pcd.o
 .ARM.attributes
                0x00000000000002fc       0x3a ./Drivers/STM32L5xx_HAL_Driver/Src/stm32l5xx_hal_pcd_ex.o
 .ARM.attributes
                0x0000000000000336       0x3a ./Drivers/STM32L5xx_HAL_Driver/Src/stm32l5xx_hal_pwr.o
 .ARM.attributes
                0x0000000000000370       0x3a ./Drivers/STM32L5xx_HAL_Driver/Src/stm32l5xx_hal_pwr_ex.o
 .ARM.attributes
                0x00000000000003aa       0x3a ./Drivers/STM32L5xx_HAL_Driver/Src/stm32l5xx_hal_rcc.o
 .ARM.attributes
                0x00000000000003e4       0x3a ./Drivers/STM32L5xx_HAL_Driver/Src/stm32l5xx_hal_rcc_ex.o
 .ARM.attributes
                0x000000000000041e       0x3a ./Drivers/STM32L5xx_HAL_Driver/Src/stm32l5xx_hal_rtc.o
 .ARM.attributes
                0x0000000000000458       0x3a ./Drivers/STM32L5xx_HAL_Driver/Src/stm32l5xx_hal_rtc_ex.o
 .ARM.attributes
                0x0000000000000492       0x3a ./Drivers/STM32L5xx_HAL_Driver/Src/stm32l5xx_hal_uart.o
 .ARM.attributes
                0x00000000000004cc       0x3a ./Drivers/STM32L5xx_HAL_Driver/Src/stm32l5xx_hal_uart_ex.o
 .ARM.attributes
                0x0000000000000506       0x3a ./Drivers/STM32L5xx_HAL_Driver/Src/stm32l5xx_ll_gpio.o
 .ARM.attributes
                0x0000000000000540       0x3a ./Drivers/STM32L5xx_HAL_Driver/Src/stm32l5xx_ll_usb.o
 .ARM.attributes
                0x000000000000057a       0x3a ./Middlewares/ST/STM32_USB_Device_Library/Class/CustomHID/Src/usbd_customhid.o
 .ARM.attributes
                0x00000000000005b4       0x3a ./Middlewares/ST/STM32_USB_Device_Library/Core/Src/usbd_core.o
 .ARM.attributes
                0x00000000000005ee       0x3a ./Middlewares/ST/STM32_USB_Device_Library/Core/Src/usbd_ctlreq.o
 .ARM.attributes
                0x0000000000000628       0x3a ./Middlewares/ST/STM32_USB_Device_Library/Core/Src/usbd_ioreq.o
 .ARM.attributes
                0x0000000000000662       0x3a ./USB_Device/App/usb_device.o
 .ARM.attributes
                0x000000000000069c       0x3a ./USB_Device/App/usbd_custom_hid_if.o
 .ARM.attributes
                0x00000000000006d6       0x3a ./USB_Device/App/usbd_desc.o
 .ARM.attributes
                0x0000000000000710       0x3a ./USB_Device/Target/usbd_conf.o
 .ARM.attributes
                0x000000000000074a       0x38 c:/st/stm32cubeide_1.8.0/stm32cubeide/plugins/com.st.stm32cube.ide.mcu.externaltools.gnu-tools-for-stm32.9-2020-q2-update.win32_2.0.0.202105311346/tools/bin/../lib/gcc/arm-none-eabi/9.3.1/../../../../arm-none-eabi/lib/thumb/v8-m.main+fp/hard\libc_nano.a(lib_a-init.o)
 .ARM.attributes
                0x0000000000000782       0x38 c:/st/stm32cubeide_1.8.0/stm32cubeide/plugins/com.st.stm32cube.ide.mcu.externaltools.gnu-tools-for-stm32.9-2020-q2-update.win32_2.0.0.202105311346/tools/bin/../lib/gcc/arm-none-eabi/9.3.1/../../../../arm-none-eabi/lib/thumb/v8-m.main+fp/hard\libc_nano.a(lib_a-memset.o)
 .ARM.attributes
                0x00000000000007ba       0x22 c:/st/stm32cubeide_1.8.0/stm32cubeide/plugins/com.st.stm32cube.ide.mcu.externaltools.gnu-tools-for-stm32.9-2020-q2-update.win32_2.0.0.202105311346/tools/bin/../lib/gcc/arm-none-eabi/9.3.1/thumb/v8-m.main+fp/hard\libgcc.a(_aeabi_uldivmod.o)
 .ARM.attributes
                0x00000000000007dc       0x38 c:/st/stm32cubeide_1.8.0/stm32cubeide/plugins/com.st.stm32cube.ide.mcu.externaltools.gnu-tools-for-stm32.9-2020-q2-update.win32_2.0.0.202105311346/tools/bin/../lib/gcc/arm-none-eabi/9.3.1/thumb/v8-m.main+fp/hard\libgcc.a(_udivmoddi4.o)
 .ARM.attributes
                0x0000000000000814       0x22 c:/st/stm32cubeide_1.8.0/stm32cubeide/plugins/com.st.stm32cube.ide.mcu.externaltools.gnu-tools-for-stm32.9-2020-q2-update.win32_2.0.0.202105311346/tools/bin/../lib/gcc/arm-none-eabi/9.3.1/thumb/v8-m.main+fp/hard\libgcc.a(_dvmd_tls.o)
 .ARM.attributes
                0x0000000000000836       0x22 c:/st/stm32cubeide_1.8.0/stm32cubeide/plugins/com.st.stm32cube.ide.mcu.externaltools.gnu-tools-for-stm32.9-2020-q2-update.win32_2.0.0.202105311346/tools/bin/../lib/gcc/arm-none-eabi/9.3.1/thumb/v8-m.main+fp/hard/crtn.o
OUTPUT(HID_Custom_VDJ.elf elf32-littlearm)
LOAD linker stubs
LOAD c:/st/stm32cubeide_1.8.0/stm32cubeide/plugins/com.st.stm32cube.ide.mcu.externaltools.gnu-tools-for-stm32.9-2020-q2-update.win32_2.0.0.202105311346/tools/bin/../lib/gcc/arm-none-eabi/9.3.1/../../../../arm-none-eabi/lib/thumb/v8-m.main+fp/hard\libc.a
LOAD c:/st/stm32cubeide_1.8.0/stm32cubeide/plugins/com.st.stm32cube.ide.mcu.externaltools.gnu-tools-for-stm32.9-2020-q2-update.win32_2.0.0.202105311346/tools/bin/../lib/gcc/arm-none-eabi/9.3.1/../../../../arm-none-eabi/lib/thumb/v8-m.main+fp/hard\libm.a
LOAD c:/st/stm32cubeide_1.8.0/stm32cubeide/plugins/com.st.stm32cube.ide.mcu.externaltools.gnu-tools-for-stm32.9-2020-q2-update.win32_2.0.0.202105311346/tools/bin/../lib/gcc/arm-none-eabi/9.3.1/thumb/v8-m.main+fp/hard\libgcc.a

.debug_info     0x0000000000000000    0x24ce4
 .debug_info    0x0000000000000000     0x226c ./Core/Src/main.o
 .debug_info    0x000000000000226c     0x18b0 ./Core/Src/stm32l5xx_hal_msp.o
 .debug_info    0x0000000000003b1c      0x838 ./Core/Src/stm32l5xx_it.o
 .debug_info    0x0000000000004354      0x964 ./Core/Src/system_stm32l5xx.o
 .debug_info    0x0000000000004cb8       0x22 ./Core/Startup/startup_stm32l552zetxq.o
 .debug_info    0x0000000000004cda      0xe65 ./Drivers/STM32L5xx_HAL_Driver/Src/stm32l5xx_hal.o
 .debug_info    0x0000000000005b3f     0x20fb ./Drivers/STM32L5xx_HAL_Driver/Src/stm32l5xx_hal_adc.o
 .debug_info    0x0000000000007c3a     0x1e6d ./Drivers/STM32L5xx_HAL_Driver/Src/stm32l5xx_hal_adc_ex.o
 .debug_info    0x0000000000009aa7     0x1340 ./Drivers/STM32L5xx_HAL_Driver/Src/stm32l5xx_hal_cortex.o
 .debug_info    0x000000000000ade7      0x836 ./Drivers/STM32L5xx_HAL_Driver/Src/stm32l5xx_hal_gpio.o
 .debug_info    0x000000000000b61d      0x710 ./Drivers/STM32L5xx_HAL_Driver/Src/stm32l5xx_hal_icache.o
 .debug_info    0x000000000000bd2d     0x1561 ./Drivers/STM32L5xx_HAL_Driver/Src/stm32l5xx_hal_pcd.o
 .debug_info    0x000000000000d28e      0xa11 ./Drivers/STM32L5xx_HAL_Driver/Src/stm32l5xx_hal_pcd_ex.o
 .debug_info    0x000000000000dc9f      0xeb7 ./Drivers/STM32L5xx_HAL_Driver/Src/stm32l5xx_hal_pwr.o
 .debug_info    0x000000000000eb56      0xfc5 ./Drivers/STM32L5xx_HAL_Driver/Src/stm32l5xx_hal_pwr_ex.o
 .debug_info    0x000000000000fb1b     0x1145 ./Drivers/STM32L5xx_HAL_Driver/Src/stm32l5xx_hal_rcc.o
 .debug_info    0x0000000000010c60     0x136c ./Drivers/STM32L5xx_HAL_Driver/Src/stm32l5xx_hal_rcc_ex.o
 .debug_info    0x0000000000011fcc     0x1213 ./Drivers/STM32L5xx_HAL_Driver/Src/stm32l5xx_hal_rtc.o
 .debug_info    0x00000000000131df     0x1cec ./Drivers/STM32L5xx_HAL_Driver/Src/stm32l5xx_hal_rtc_ex.o
 .debug_info    0x0000000000014ecb     0x1e67 ./Drivers/STM32L5xx_HAL_Driver/Src/stm32l5xx_hal_uart.o
 .debug_info    0x0000000000016d32      0xeeb ./Drivers/STM32L5xx_HAL_Driver/Src/stm32l5xx_hal_uart_ex.o
 .debug_info    0x0000000000017c1d      0xccd ./Drivers/STM32L5xx_HAL_Driver/Src/stm32l5xx_ll_gpio.o
 .debug_info    0x00000000000188ea     0x1934 ./Drivers/STM32L5xx_HAL_Driver/Src/stm32l5xx_ll_usb.o
 .debug_info    0x000000000001a21e     0x1524 ./Middlewares/ST/STM32_USB_Device_Library/Class/CustomHID/Src/usbd_customhid.o
 .debug_info    0x000000000001b742     0x14aa ./Middlewares/ST/STM32_USB_Device_Library/Core/Src/usbd_core.o
 .debug_info    0x000000000001cbec     0x1476 ./Middlewares/ST/STM32_USB_Device_Library/Core/Src/usbd_ctlreq.o
 .debug_info    0x000000000001e062     0x1198 ./Middlewares/ST/STM32_USB_Device_Library/Core/Src/usbd_ioreq.o
 .debug_info    0x000000000001f1fa     0x10b0 ./USB_Device/App/usb_device.o
 .debug_info    0x00000000000202aa     0x1122 ./USB_Device/App/usbd_custom_hid_if.o
 .debug_info    0x00000000000213cc      0xef3 ./USB_Device/App/usbd_desc.o
 .debug_info    0x00000000000222bf     0x2a25 ./USB_Device/Target/usbd_conf.o

.debug_abbrev   0x0000000000000000     0x4820
 .debug_abbrev  0x0000000000000000      0x31a ./Core/Src/main.o
 .debug_abbrev  0x000000000000031a      0x1f9 ./Core/Src/stm32l5xx_hal_msp.o
 .debug_abbrev  0x0000000000000513      0x184 ./Core/Src/stm32l5xx_it.o
 .debug_abbrev  0x0000000000000697      0x176 ./Core/Src/system_stm32l5xx.o
 .debug_abbrev  0x000000000000080d       0x12 ./Core/Startup/startup_stm32l552zetxq.o
 .debug_abbrev  0x000000000000081f      0x29d ./Drivers/STM32L5xx_HAL_Driver/Src/stm32l5xx_hal.o
 .debug_abbrev  0x0000000000000abc      0x288 ./Drivers/STM32L5xx_HAL_Driver/Src/stm32l5xx_hal_adc.o
 .debug_abbrev  0x0000000000000d44      0x2ac ./Drivers/STM32L5xx_HAL_Driver/Src/stm32l5xx_hal_adc_ex.o
 .debug_abbrev  0x0000000000000ff0      0x343 ./Drivers/STM32L5xx_HAL_Driver/Src/stm32l5xx_hal_cortex.o
 .debug_abbrev  0x0000000000001333      0x1df ./Drivers/STM32L5xx_HAL_Driver/Src/stm32l5xx_hal_gpio.o
 .debug_abbrev  0x0000000000001512      0x240 ./Drivers/STM32L5xx_HAL_Driver/Src/stm32l5xx_hal_icache.o
 .debug_abbrev  0x0000000000001752      0x29e ./Drivers/STM32L5xx_HAL_Driver/Src/stm32l5xx_hal_pcd.o
 .debug_abbrev  0x00000000000019f0      0x219 ./Drivers/STM32L5xx_HAL_Driver/Src/stm32l5xx_hal_pcd_ex.o
 .debug_abbrev  0x0000000000001c09      0x1dc ./Drivers/STM32L5xx_HAL_Driver/Src/stm32l5xx_hal_pwr.o
 .debug_abbrev  0x0000000000001de5      0x283 ./Drivers/STM32L5xx_HAL_Driver/Src/stm32l5xx_hal_pwr_ex.o
 .debug_abbrev  0x0000000000002068      0x2a6 ./Drivers/STM32L5xx_HAL_Driver/Src/stm32l5xx_hal_rcc.o
 .debug_abbrev  0x000000000000230e      0x288 ./Drivers/STM32L5xx_HAL_Driver/Src/stm32l5xx_hal_rcc_ex.o
 .debug_abbrev  0x0000000000002596      0x1fb ./Drivers/STM32L5xx_HAL_Driver/Src/stm32l5xx_hal_rtc.o
 .debug_abbrev  0x0000000000002791      0x219 ./Drivers/STM32L5xx_HAL_Driver/Src/stm32l5xx_hal_rtc_ex.o
 .debug_abbrev  0x00000000000029aa      0x26e ./Drivers/STM32L5xx_HAL_Driver/Src/stm32l5xx_hal_uart.o
 .debug_abbrev  0x0000000000002c18      0x20a ./Drivers/STM32L5xx_HAL_Driver/Src/stm32l5xx_hal_uart_ex.o
 .debug_abbrev  0x0000000000002e22      0x270 ./Drivers/STM32L5xx_HAL_Driver/Src/stm32l5xx_ll_gpio.o
 .debug_abbrev  0x0000000000003092      0x25c ./Drivers/STM32L5xx_HAL_Driver/Src/stm32l5xx_ll_usb.o
 .debug_abbrev  0x00000000000032ee      0x2e0 ./Middlewares/ST/STM32_USB_Device_Library/Class/CustomHID/Src/usbd_customhid.o
 .debug_abbrev  0x00000000000035ce      0x2b7 ./Middlewares/ST/STM32_USB_Device_Library/Core/Src/usbd_core.o
 .debug_abbrev  0x0000000000003885      0x2fc ./Middlewares/ST/STM32_USB_Device_Library/Core/Src/usbd_ctlreq.o
 .debug_abbrev  0x0000000000003b81      0x22a ./Middlewares/ST/STM32_USB_Device_Library/Core/Src/usbd_ioreq.o
 .debug_abbrev  0x0000000000003dab      0x204 ./USB_Device/App/usb_device.o
 .debug_abbrev  0x0000000000003faf      0x241 ./USB_Device/App/usbd_custom_hid_if.o
 .debug_abbrev  0x00000000000041f0      0x2d0 ./USB_Device/App/usbd_desc.o
 .debug_abbrev  0x00000000000044c0      0x360 ./USB_Device/Target/usbd_conf.o

.debug_aranges  0x0000000000000000     0x1948
 .debug_aranges
                0x0000000000000000       0x70 ./Core/Src/main.o
 .debug_aranges
                0x0000000000000070       0x50 ./Core/Src/stm32l5xx_hal_msp.o
 .debug_aranges
                0x00000000000000c0       0x68 ./Core/Src/stm32l5xx_it.o
 .debug_aranges
                0x0000000000000128       0x28 ./Core/Src/system_stm32l5xx.o
 .debug_aranges
                0x0000000000000150       0x28 ./Core/Startup/startup_stm32l552zetxq.o
 .debug_aranges
                0x0000000000000178      0x130 ./Drivers/STM32L5xx_HAL_Driver/Src/stm32l5xx_hal.o
 .debug_aranges
                0x00000000000002a8      0x228 ./Drivers/STM32L5xx_HAL_Driver/Src/stm32l5xx_hal_adc.o
 .debug_aranges
                0x00000000000004d0      0x1b0 ./Drivers/STM32L5xx_HAL_Driver/Src/stm32l5xx_hal_adc_ex.o
 .debug_aranges
                0x0000000000000680      0x130 ./Drivers/STM32L5xx_HAL_Driver/Src/stm32l5xx_hal_cortex.o
 .debug_aranges
                0x00000000000007b0       0x60 ./Drivers/STM32L5xx_HAL_Driver/Src/stm32l5xx_hal_gpio.o
 .debug_aranges
                0x0000000000000810       0xa0 ./Drivers/STM32L5xx_HAL_Driver/Src/stm32l5xx_hal_icache.o
 .debug_aranges
                0x00000000000008b0      0x130 ./Drivers/STM32L5xx_HAL_Driver/Src/stm32l5xx_hal_pcd.o
 .debug_aranges
                0x00000000000009e0       0x58 ./Drivers/STM32L5xx_HAL_Driver/Src/stm32l5xx_hal_pcd_ex.o
 .debug_aranges
                0x0000000000000a38       0xa8 ./Drivers/STM32L5xx_HAL_Driver/Src/stm32l5xx_hal_pwr.o
 .debug_aranges
                0x0000000000000ae0      0x1b8 ./Drivers/STM32L5xx_HAL_Driver/Src/stm32l5xx_hal_pwr_ex.o
 .debug_aranges
                0x0000000000000c98       0xa0 ./Drivers/STM32L5xx_HAL_Driver/Src/stm32l5xx_hal_rcc.o
 .debug_aranges
                0x0000000000000d38      0x118 ./Drivers/STM32L5xx_HAL_Driver/Src/stm32l5xx_hal_rcc_ex.o
 .debug_aranges
                0x0000000000000e50       0xe8 ./Drivers/STM32L5xx_HAL_Driver/Src/stm32l5xx_hal_rtc.o
 .debug_aranges
                0x0000000000000f38      0x220 ./Drivers/STM32L5xx_HAL_Driver/Src/stm32l5xx_hal_rtc_ex.o
 .debug_aranges
                0x0000000000001158      0x248 ./Drivers/STM32L5xx_HAL_Driver/Src/stm32l5xx_hal_uart.o
 .debug_aranges
                0x00000000000013a0       0xa0 ./Drivers/STM32L5xx_HAL_Driver/Src/stm32l5xx_hal_uart_ex.o
 .debug_aranges
                0x0000000000001440       0x70 ./Drivers/STM32L5xx_HAL_Driver/Src/stm32l5xx_ll_gpio.o
 .debug_aranges
                0x00000000000014b0       0xb0 ./Drivers/STM32L5xx_HAL_Driver/Src/stm32l5xx_ll_usb.o
 .debug_aranges
                0x0000000000001560       0x80 ./Middlewares/ST/STM32_USB_Device_Library/Class/CustomHID/Src/usbd_customhid.o
 .debug_aranges
                0x00000000000015e0       0xb8 ./Middlewares/ST/STM32_USB_Device_Library/Core/Src/usbd_core.o
 .debug_aranges
                0x0000000000001698       0x90 ./Middlewares/ST/STM32_USB_Device_Library/Core/Src/usbd_ctlreq.o
 .debug_aranges
                0x0000000000001728       0x50 ./Middlewares/ST/STM32_USB_Device_Library/Core/Src/usbd_ioreq.o
 .debug_aranges
                0x0000000000001778       0x20 ./USB_Device/App/usb_device.o
 .debug_aranges
                0x0000000000001798       0x30 ./USB_Device/App/usbd_custom_hid_if.o
 .debug_aranges
                0x00000000000017c8       0x60 ./USB_Device/App/usbd_desc.o
 .debug_aranges
                0x0000000000001828      0x120 ./USB_Device/Target/usbd_conf.o

.debug_ranges   0x0000000000000000     0x1790
 .debug_ranges  0x0000000000000000       0x60 ./Core/Src/main.o
 .debug_ranges  0x0000000000000060       0x40 ./Core/Src/stm32l5xx_hal_msp.o
 .debug_ranges  0x00000000000000a0       0x58 ./Core/Src/stm32l5xx_it.o
 .debug_ranges  0x00000000000000f8       0x18 ./Core/Src/system_stm32l5xx.o
 .debug_ranges  0x0000000000000110       0x20 ./Core/Startup/startup_stm32l552zetxq.o
 .debug_ranges  0x0000000000000130      0x120 ./Drivers/STM32L5xx_HAL_Driver/Src/stm32l5xx_hal.o
 .debug_ranges  0x0000000000000250      0x218 ./Drivers/STM32L5xx_HAL_Driver/Src/stm32l5xx_hal_adc.o
 .debug_ranges  0x0000000000000468      0x1a0 ./Drivers/STM32L5xx_HAL_Driver/Src/stm32l5xx_hal_adc_ex.o
 .debug_ranges  0x0000000000000608      0x120 ./Drivers/STM32L5xx_HAL_Driver/Src/stm32l5xx_hal_cortex.o
 .debug_ranges  0x0000000000000728       0x50 ./Drivers/STM32L5xx_HAL_Driver/Src/stm32l5xx_hal_gpio.o
 .debug_ranges  0x0000000000000778       0x90 ./Drivers/STM32L5xx_HAL_Driver/Src/stm32l5xx_hal_icache.o
 .debug_ranges  0x0000000000000808      0x120 ./Drivers/STM32L5xx_HAL_Driver/Src/stm32l5xx_hal_pcd.o
 .debug_ranges  0x0000000000000928       0x48 ./Drivers/STM32L5xx_HAL_Driver/Src/stm32l5xx_hal_pcd_ex.o
 .debug_ranges  0x0000000000000970       0x98 ./Drivers/STM32L5xx_HAL_Driver/Src/stm32l5xx_hal_pwr.o
 .debug_ranges  0x0000000000000a08      0x1a8 ./Drivers/STM32L5xx_HAL_Driver/Src/stm32l5xx_hal_pwr_ex.o
 .debug_ranges  0x0000000000000bb0       0x90 ./Drivers/STM32L5xx_HAL_Driver/Src/stm32l5xx_hal_rcc.o
 .debug_ranges  0x0000000000000c40      0x108 ./Drivers/STM32L5xx_HAL_Driver/Src/stm32l5xx_hal_rcc_ex.o
 .debug_ranges  0x0000000000000d48       0xd8 ./Drivers/STM32L5xx_HAL_Driver/Src/stm32l5xx_hal_rtc.o
 .debug_ranges  0x0000000000000e20      0x210 ./Drivers/STM32L5xx_HAL_Driver/Src/stm32l5xx_hal_rtc_ex.o
 .debug_ranges  0x0000000000001030      0x268 ./Drivers/STM32L5xx_HAL_Driver/Src/stm32l5xx_hal_uart.o
 .debug_ranges  0x0000000000001298       0x90 ./Drivers/STM32L5xx_HAL_Driver/Src/stm32l5xx_hal_uart_ex.o
 .debug_ranges  0x0000000000001328       0x60 ./Drivers/STM32L5xx_HAL_Driver/Src/stm32l5xx_ll_gpio.o
 .debug_ranges  0x0000000000001388       0xa0 ./Drivers/STM32L5xx_HAL_Driver/Src/stm32l5xx_ll_usb.o
 .debug_ranges  0x0000000000001428       0x70 ./Middlewares/ST/STM32_USB_Device_Library/Class/CustomHID/Src/usbd_customhid.o
 .debug_ranges  0x0000000000001498       0xa8 ./Middlewares/ST/STM32_USB_Device_Library/Core/Src/usbd_core.o
 .debug_ranges  0x0000000000001540       0x80 ./Middlewares/ST/STM32_USB_Device_Library/Core/Src/usbd_ctlreq.o
 .debug_ranges  0x00000000000015c0       0x40 ./Middlewares/ST/STM32_USB_Device_Library/Core/Src/usbd_ioreq.o
 .debug_ranges  0x0000000000001600       0x10 ./USB_Device/App/usb_device.o
 .debug_ranges  0x0000000000001610       0x20 ./USB_Device/App/usbd_custom_hid_if.o
 .debug_ranges  0x0000000000001630       0x50 ./USB_Device/App/usbd_desc.o
 .debug_ranges  0x0000000000001680      0x110 ./USB_Device/Target/usbd_conf.o

.debug_macro    0x0000000000000000    0x30d31
 .debug_macro   0x0000000000000000      0x49f ./Core/Src/main.o
 .debug_macro   0x000000000000049f      0xab4 ./Core/Src/main.o
 .debug_macro   0x0000000000000f53      0x1a2 ./Core/Src/main.o
 .debug_macro   0x00000000000010f5       0x2e ./Core/Src/main.o
 .debug_macro   0x0000000000001123       0x42 ./Core/Src/main.o
 .debug_macro   0x0000000000001165       0x22 ./Core/Src/main.o
 .debug_macro   0x0000000000001187       0x8e ./Core/Src/main.o
 .debug_macro   0x0000000000001215       0x51 ./Core/Src/main.o
 .debug_macro   0x0000000000001266      0x103 ./Core/Src/main.o
 .debug_macro   0x0000000000001369       0x6a ./Core/Src/main.o
 .debug_macro   0x00000000000013d3      0x1df ./Core/Src/main.o
 .debug_macro   0x00000000000015b2       0x1c ./Core/Src/main.o
 .debug_macro   0x00000000000015ce       0x29 ./Core/Src/main.o
 .debug_macro   0x00000000000015f7      0x101 ./Core/Src/main.o
 .debug_macro   0x00000000000016f8     0x1336 ./Core/Src/main.o
 .debug_macro   0x0000000000002a2e       0x5e ./Core/Src/main.o
 .debug_macro   0x0000000000002a8c    0x1ac8f ./Core/Src/main.o
 .debug_macro   0x000000000001d71b       0x42 ./Core/Src/main.o
 .debug_macro   0x000000000001d75d     0x34df ./Core/Src/main.o
 .debug_macro   0x0000000000020c3c      0x174 ./Core/Src/main.o
 .debug_macro   0x0000000000020db0       0x5c ./Core/Src/main.o
 .debug_macro   0x0000000000020e0c     0x1948 ./Core/Src/main.o
 .debug_macro   0x0000000000022754      0xa4b ./Core/Src/main.o
 .debug_macro   0x000000000002319f      0x153 ./Core/Src/main.o
 .debug_macro   0x00000000000232f2      0x1d9 ./Core/Src/main.o
 .debug_macro   0x00000000000234cb      0x4e1 ./Core/Src/main.o
 .debug_macro   0x00000000000239ac      0x1ac ./Core/Src/main.o
 .debug_macro   0x0000000000023b58       0x4a ./Core/Src/main.o
 .debug_macro   0x0000000000023ba2      0x1ba ./Core/Src/main.o
 .debug_macro   0x0000000000023d5c      0xebf ./Core/Src/main.o
 .debug_macro   0x0000000000024c1b      0x608 ./Core/Src/main.o
 .debug_macro   0x0000000000025223      0x2e9 ./Core/Src/main.o
 .debug_macro   0x000000000002550c      0x231 ./Core/Src/main.o
 .debug_macro   0x000000000002573d      0x3bb ./Core/Src/main.o
 .debug_macro   0x0000000000025af8       0x36 ./Core/Src/main.o
 .debug_macro   0x0000000000025b2e      0x11c ./Core/Src/main.o
 .debug_macro   0x0000000000025c4a      0x22c ./Core/Src/main.o
 .debug_macro   0x0000000000025e76       0x5b ./Core/Src/main.o
 .debug_macro   0x0000000000025ed1       0xa5 ./Core/Src/main.o
 .debug_macro   0x0000000000025f76       0xf3 ./Core/Src/main.o
 .debug_macro   0x0000000000026069       0x65 ./Core/Src/main.o
 .debug_macro   0x00000000000260ce      0x234 ./Core/Src/main.o
 .debug_macro   0x0000000000026302      0x199 ./Core/Src/main.o
 .debug_macro   0x000000000002649b      0x487 ./Core/Src/main.o
 .debug_macro   0x0000000000026922      0x313 ./Core/Src/main.o
 .debug_macro   0x0000000000026c35      0x748 ./Core/Src/main.o
 .debug_macro   0x000000000002737d       0xe4 ./Core/Src/main.o
 .debug_macro   0x0000000000027461      0x67e ./Core/Src/main.o
 .debug_macro   0x0000000000027adf       0xa6 ./Core/Src/main.o
 .debug_macro   0x0000000000027b85      0x3f1 ./Core/Src/main.o
 .debug_macro   0x0000000000027f76      0x2b1 ./Core/Src/main.o
 .debug_macro   0x0000000000028227      0x1e4 ./Core/Src/main.o
 .debug_macro   0x000000000002840b      0x14f ./Core/Src/main.o
 .debug_macro   0x000000000002855a      0xbd0 ./Core/Src/main.o
 .debug_macro   0x000000000002912a      0x397 ./Core/Src/main.o
 .debug_macro   0x00000000000294c1       0xae ./Core/Src/main.o
 .debug_macro   0x000000000002956f      0x21d ./Core/Src/main.o
 .debug_macro   0x000000000002978c      0x165 ./Core/Src/main.o
 .debug_macro   0x00000000000298f1      0x5bf ./Core/Src/main.o
 .debug_macro   0x0000000000029eb0      0x314 ./Core/Src/main.o
 .debug_macro   0x000000000002a1c4      0x216 ./Core/Src/main.o
 .debug_macro   0x000000000002a3da       0x70 ./Core/Src/main.o
 .debug_macro   0x000000000002a44a       0x52 ./Core/Src/main.o
 .debug_macro   0x000000000002a49c       0x18 ./Core/Src/main.o
 .debug_macro   0x000000000002a4b4       0x3c ./Core/Src/main.o
 .debug_macro   0x000000000002a4f0       0x34 ./Core/Src/main.o
 .debug_macro   0x000000000002a524       0x16 ./Core/Src/main.o
 .debug_macro   0x000000000002a53a       0x35 ./Core/Src/main.o
 .debug_macro   0x000000000002a56f      0x333 ./Core/Src/main.o
 .debug_macro   0x000000000002a8a2       0x10 ./Core/Src/main.o
 .debug_macro   0x000000000002a8b2       0x16 ./Core/Src/main.o
 .debug_macro   0x000000000002a8c8       0x43 ./Core/Src/main.o
 .debug_macro   0x000000000002a90b       0x34 ./Core/Src/main.o
 .debug_macro   0x000000000002a93f       0x10 ./Core/Src/main.o
 .debug_macro   0x000000000002a94f       0x58 ./Core/Src/main.o
 .debug_macro   0x000000000002a9a7       0x71 ./Core/Src/main.o
 .debug_macro   0x000000000002aa18       0x1c ./Core/Src/main.o
 .debug_macro   0x000000000002aa34      0x12a ./Core/Src/main.o
 .debug_macro   0x000000000002ab5e       0x10 ./Core/Src/main.o
 .debug_macro   0x000000000002ab6e       0x1c ./Core/Src/main.o
 .debug_macro   0x000000000002ab8a       0x52 ./Core/Src/main.o
 .debug_macro   0x000000000002abdc       0x22 ./Core/Src/main.o
 .debug_macro   0x000000000002abfe       0x10 ./Core/Src/main.o
 .debug_macro   0x000000000002ac0e       0x40 ./Core/Src/main.o
 .debug_macro   0x000000000002ac4e       0xd5 ./Core/Src/main.o
 .debug_macro   0x000000000002ad23       0x1c ./Core/Src/main.o
 .debug_macro   0x000000000002ad3f       0x3d ./Core/Src/main.o
 .debug_macro   0x000000000002ad7c       0x16 ./Core/Src/main.o
 .debug_macro   0x000000000002ad92      0x145 ./Core/Src/main.o
 .debug_macro   0x000000000002aed7       0x16 ./Core/Src/main.o
 .debug_macro   0x000000000002aeed       0x16 ./Core/Src/main.o
 .debug_macro   0x000000000002af03       0x29 ./Core/Src/main.o
 .debug_macro   0x000000000002af2c       0x16 ./Core/Src/main.o
 .debug_macro   0x000000000002af42       0x20 ./Core/Src/main.o
 .debug_macro   0x000000000002af62       0x72 ./Core/Src/main.o
 .debug_macro   0x000000000002afd4      0x1ef ./Core/Src/main.o
 .debug_macro   0x000000000002b1c3      0x2b4 ./Core/Src/stm32l5xx_hal_msp.o
 .debug_macro   0x000000000002b477      0x2be ./Core/Src/stm32l5xx_it.o
 .debug_macro   0x000000000002b735      0x23c ./Core/Src/system_stm32l5xx.o
 .debug_macro   0x000000000002b971      0x26c ./Drivers/STM32L5xx_HAL_Driver/Src/stm32l5xx_hal.o
 .debug_macro   0x000000000002bbdd      0x259 ./Drivers/STM32L5xx_HAL_Driver/Src/stm32l5xx_hal_adc.o
 .debug_macro   0x000000000002be36      0x248 ./Drivers/STM32L5xx_HAL_Driver/Src/stm32l5xx_hal_adc_ex.o
 .debug_macro   0x000000000002c07e      0x23c ./Drivers/STM32L5xx_HAL_Driver/Src/stm32l5xx_hal_cortex.o
 .debug_macro   0x000000000002c2ba      0x26f ./Drivers/STM32L5xx_HAL_Driver/Src/stm32l5xx_hal_gpio.o
 .debug_macro   0x000000000002c529      0x248 ./Drivers/STM32L5xx_HAL_Driver/Src/stm32l5xx_hal_icache.o
 .debug_macro   0x000000000002c771      0x248 ./Drivers/STM32L5xx_HAL_Driver/Src/stm32l5xx_hal_pcd.o
 .debug_macro   0x000000000002c9b9      0x23c ./Drivers/STM32L5xx_HAL_Driver/Src/stm32l5xx_hal_pcd_ex.o
 .debug_macro   0x000000000002cbf5      0x254 ./Drivers/STM32L5xx_HAL_Driver/Src/stm32l5xx_hal_pwr.o
 .debug_macro   0x000000000002ce49      0x26c ./Drivers/STM32L5xx_HAL_Driver/Src/stm32l5xx_hal_pwr_ex.o
 .debug_macro   0x000000000002d0b5      0x266 ./Drivers/STM32L5xx_HAL_Driver/Src/stm32l5xx_hal_rcc.o
 .debug_macro   0x000000000002d31b      0x2a2 ./Drivers/STM32L5xx_HAL_Driver/Src/stm32l5xx_hal_rcc_ex.o
 .debug_macro   0x000000000002d5bd      0x23d ./Drivers/STM32L5xx_HAL_Driver/Src/stm32l5xx_hal_rtc.o
 .debug_macro   0x000000000002d7fa      0x242 ./Drivers/STM32L5xx_HAL_Driver/Src/stm32l5xx_hal_rtc_ex.o
 .debug_macro   0x000000000002da3c      0x267 ./Drivers/STM32L5xx_HAL_Driver/Src/stm32l5xx_hal_uart.o
 .debug_macro   0x000000000002dca3      0x248 ./Drivers/STM32L5xx_HAL_Driver/Src/stm32l5xx_hal_uart_ex.o
 .debug_macro   0x000000000002deeb      0x27e ./Drivers/STM32L5xx_HAL_Driver/Src/stm32l5xx_ll_gpio.o
 .debug_macro   0x000000000002e169      0x15f ./Drivers/STM32L5xx_HAL_Driver/Src/stm32l5xx_ll_gpio.o
 .debug_macro   0x000000000002e2c8      0x23c ./Drivers/STM32L5xx_HAL_Driver/Src/stm32l5xx_ll_usb.o